<?xml version="1.0" encoding="ISO-8859-1" ?>
<link_info>
   <banner>MSP430 Linker PC v18.12.3.LTS</banner>
   <copyright>Copyright (c) 2003-2018 Texas Instruments Incorporated</copyright>
   <link_time>0x5db2391f</link_time>
   <link_errors>0x0</link_errors>
   <output_file>Echo Example.out</output_file>
   <entry_point>
      <name>_c_int00_noargs_mpu</name>
      <address>0x48e0</address>
   </entry_point>
   <input_file_list>
      <input_file id="fl-2">
         <path>.\</path>
         <kind>object</kind>
         <file>echo.obj</file>
         <name>echo.obj</name>
      </input_file>
      <input_file id="fl-3">
         <path>.\External Source Files\</path>
         <kind>object</kind>
         <file>FreeRTOSMissingPortFuncs.obj</file>
         <name>FreeRTOSMissingPortFuncs.obj</name>
      </input_file>
      <input_file id="fl-4">
         <path>.\External Source Files\</path>
         <kind>object</kind>
         <file>RTOSHooks.obj</file>
         <name>RTOSHooks.obj</name>
      </input_file>
      <input_file id="fl-5">
         <path>.\External Source Files\</path>
         <kind>object</kind>
         <file>SPI.obj</file>
         <name>SPI.obj</name>
      </input_file>
      <input_file id="fl-6">
         <path>.\External Source Files\</path>
         <kind>object</kind>
         <file>SatLib.obj</file>
         <name>SatLib.obj</name>
      </input_file>
      <input_file id="fl-7">
         <path>.\External Source Files\</path>
         <kind>object</kind>
         <file>SatLibPort.obj</file>
         <name>SatLibPort.obj</name>
      </input_file>
      <input_file id="fl-8">
         <path>.\External Source Files\</path>
         <kind>object</kind>
         <file>UART.obj</file>
         <name>UART.obj</name>
      </input_file>
      <input_file id="fl-9">
         <path>.\External Source Files\</path>
         <kind>object</kind>
         <file>croutine.obj</file>
         <name>croutine.obj</name>
      </input_file>
      <input_file id="fl-a">
         <path>.\External Source Files\</path>
         <kind>object</kind>
         <file>event_groups.obj</file>
         <name>event_groups.obj</name>
      </input_file>
      <input_file id="fl-b">
         <path>.\External Source Files\</path>
         <kind>object</kind>
         <file>list.obj</file>
         <name>list.obj</name>
      </input_file>
      <input_file id="fl-c">
         <path>.\External Source Files\</path>
         <kind>object</kind>
         <file>port.obj</file>
         <name>port.obj</name>
      </input_file>
      <input_file id="fl-d">
         <path>.\External Source Files\</path>
         <kind>object</kind>
         <file>portext.obj</file>
         <name>portext.obj</name>
      </input_file>
      <input_file id="fl-e">
         <path>.\External Source Files\</path>
         <kind>object</kind>
         <file>queue.obj</file>
         <name>queue.obj</name>
      </input_file>
      <input_file id="fl-f">
         <path>.\External Source Files\</path>
         <kind>object</kind>
         <file>stream_buffer.obj</file>
         <name>stream_buffer.obj</name>
      </input_file>
      <input_file id="fl-10">
         <path>.\External Source Files\</path>
         <kind>object</kind>
         <file>tasks.obj</file>
         <name>tasks.obj</name>
      </input_file>
      <input_file id="fl-11">
         <path>.\External Source Files\</path>
         <kind>object</kind>
         <file>timers.obj</file>
         <name>timers.obj</name>
      </input_file>
      <input_file id="fl-18">
         <kind>object</kind>
         <file>&lt;internal&gt;</file>
         <name>&lt;internal&gt;</name>
      </input_file>
      <input_file id="fl-38">
         <path>C:\ti\ccs910\ccs\tools\compiler\ti-cgt-msp430_18.12.3.LTS\lib\</path>
         <kind>archive</kind>
         <file>rts430x_lc_rd_eabi.lib</file>
         <name>copy_decompress_lzss.c.obj</name>
      </input_file>
      <input_file id="fl-39">
         <path>C:\ti\ccs910\ccs\tools\compiler\ti-cgt-msp430_18.12.3.LTS\lib\</path>
         <kind>archive</kind>
         <file>rts430x_lc_rd_eabi.lib</file>
         <name>copy_decompress_none.c.obj</name>
      </input_file>
      <input_file id="fl-3a">
         <path>C:\ti\ccs910\ccs\tools\compiler\ti-cgt-msp430_18.12.3.LTS\lib\</path>
         <kind>archive</kind>
         <file>rts430x_lc_rd_eabi.lib</file>
         <name>int18.asm.obj</name>
      </input_file>
      <input_file id="fl-3b">
         <path>C:\ti\ccs910\ccs\tools\compiler\ti-cgt-msp430_18.12.3.LTS\lib\</path>
         <kind>archive</kind>
         <file>rts430x_lc_rd_eabi.lib</file>
         <name>isr_trap.asm.obj</name>
      </input_file>
      <input_file id="fl-3c">
         <path>C:\ti\ccs910\ccs\tools\compiler\ti-cgt-msp430_18.12.3.LTS\lib\</path>
         <kind>archive</kind>
         <file>rts430x_lc_rd_eabi.lib</file>
         <name>int19.asm.obj</name>
      </input_file>
      <input_file id="fl-3d">
         <path>C:\ti\ccs910\ccs\tools\compiler\ti-cgt-msp430_18.12.3.LTS\lib\</path>
         <kind>archive</kind>
         <file>rts430x_lc_rd_eabi.lib</file>
         <name>int20.asm.obj</name>
      </input_file>
      <input_file id="fl-3e">
         <path>C:\ti\ccs910\ccs\tools\compiler\ti-cgt-msp430_18.12.3.LTS\lib\</path>
         <kind>archive</kind>
         <file>rts430x_lc_rd_eabi.lib</file>
         <name>int21.asm.obj</name>
      </input_file>
      <input_file id="fl-3f">
         <path>C:\ti\ccs910\ccs\tools\compiler\ti-cgt-msp430_18.12.3.LTS\lib\</path>
         <kind>archive</kind>
         <file>rts430x_lc_rd_eabi.lib</file>
         <name>int22.asm.obj</name>
      </input_file>
      <input_file id="fl-40">
         <path>C:\ti\ccs910\ccs\tools\compiler\ti-cgt-msp430_18.12.3.LTS\lib\</path>
         <kind>archive</kind>
         <file>rts430x_lc_rd_eabi.lib</file>
         <name>int23.asm.obj</name>
      </input_file>
      <input_file id="fl-41">
         <path>C:\ti\ccs910\ccs\tools\compiler\ti-cgt-msp430_18.12.3.LTS\lib\</path>
         <kind>archive</kind>
         <file>rts430x_lc_rd_eabi.lib</file>
         <name>int24.asm.obj</name>
      </input_file>
      <input_file id="fl-42">
         <path>C:\ti\ccs910\ccs\tools\compiler\ti-cgt-msp430_18.12.3.LTS\lib\</path>
         <kind>archive</kind>
         <file>rts430x_lc_rd_eabi.lib</file>
         <name>int25.asm.obj</name>
      </input_file>
      <input_file id="fl-43">
         <path>C:\ti\ccs910\ccs\tools\compiler\ti-cgt-msp430_18.12.3.LTS\lib\</path>
         <kind>archive</kind>
         <file>rts430x_lc_rd_eabi.lib</file>
         <name>int26.asm.obj</name>
      </input_file>
      <input_file id="fl-44">
         <path>C:\ti\ccs910\ccs\tools\compiler\ti-cgt-msp430_18.12.3.LTS\lib\</path>
         <kind>archive</kind>
         <file>rts430x_lc_rd_eabi.lib</file>
         <name>int27.asm.obj</name>
      </input_file>
      <input_file id="fl-45">
         <path>C:\ti\ccs910\ccs\tools\compiler\ti-cgt-msp430_18.12.3.LTS\lib\</path>
         <kind>archive</kind>
         <file>rts430x_lc_rd_eabi.lib</file>
         <name>int28.asm.obj</name>
      </input_file>
      <input_file id="fl-46">
         <path>C:\ti\ccs910\ccs\tools\compiler\ti-cgt-msp430_18.12.3.LTS\lib\</path>
         <kind>archive</kind>
         <file>rts430x_lc_rd_eabi.lib</file>
         <name>int29.asm.obj</name>
      </input_file>
      <input_file id="fl-47">
         <path>C:\ti\ccs910\ccs\tools\compiler\ti-cgt-msp430_18.12.3.LTS\lib\</path>
         <kind>archive</kind>
         <file>rts430x_lc_rd_eabi.lib</file>
         <name>int30.asm.obj</name>
      </input_file>
      <input_file id="fl-48">
         <path>C:\ti\ccs910\ccs\tools\compiler\ti-cgt-msp430_18.12.3.LTS\lib\</path>
         <kind>archive</kind>
         <file>rts430x_lc_rd_eabi.lib</file>
         <name>int31.asm.obj</name>
      </input_file>
      <input_file id="fl-49">
         <path>C:\ti\ccs910\ccs\tools\compiler\ti-cgt-msp430_18.12.3.LTS\lib\</path>
         <kind>archive</kind>
         <file>rts430x_lc_rd_eabi.lib</file>
         <name>int32.asm.obj</name>
      </input_file>
      <input_file id="fl-4a">
         <path>C:\ti\ccs910\ccs\tools\compiler\ti-cgt-msp430_18.12.3.LTS\lib\</path>
         <kind>archive</kind>
         <file>rts430x_lc_rd_eabi.lib</file>
         <name>int33.asm.obj</name>
      </input_file>
      <input_file id="fl-4b">
         <path>C:\ti\ccs910\ccs\tools\compiler\ti-cgt-msp430_18.12.3.LTS\lib\</path>
         <kind>archive</kind>
         <file>rts430x_lc_rd_eabi.lib</file>
         <name>int34.asm.obj</name>
      </input_file>
      <input_file id="fl-4c">
         <path>C:\ti\ccs910\ccs\tools\compiler\ti-cgt-msp430_18.12.3.LTS\lib\</path>
         <kind>archive</kind>
         <file>rts430x_lc_rd_eabi.lib</file>
         <name>int35.asm.obj</name>
      </input_file>
      <input_file id="fl-4d">
         <path>C:\ti\ccs910\ccs\tools\compiler\ti-cgt-msp430_18.12.3.LTS\lib\</path>
         <kind>archive</kind>
         <file>rts430x_lc_rd_eabi.lib</file>
         <name>int36.asm.obj</name>
      </input_file>
      <input_file id="fl-4e">
         <path>C:\ti\ccs910\ccs\tools\compiler\ti-cgt-msp430_18.12.3.LTS\lib\</path>
         <kind>archive</kind>
         <file>rts430x_lc_rd_eabi.lib</file>
         <name>int37.asm.obj</name>
      </input_file>
      <input_file id="fl-4f">
         <path>C:\ti\ccs910\ccs\tools\compiler\ti-cgt-msp430_18.12.3.LTS\lib\</path>
         <kind>archive</kind>
         <file>rts430x_lc_rd_eabi.lib</file>
         <name>int38.asm.obj</name>
      </input_file>
      <input_file id="fl-50">
         <path>C:\ti\ccs910\ccs\tools\compiler\ti-cgt-msp430_18.12.3.LTS\lib\</path>
         <kind>archive</kind>
         <file>rts430x_lc_rd_eabi.lib</file>
         <name>int39.asm.obj</name>
      </input_file>
      <input_file id="fl-51">
         <path>C:\ti\ccs910\ccs\tools\compiler\ti-cgt-msp430_18.12.3.LTS\lib\</path>
         <kind>archive</kind>
         <file>rts430x_lc_rd_eabi.lib</file>
         <name>int40.asm.obj</name>
      </input_file>
      <input_file id="fl-52">
         <path>C:\ti\ccs910\ccs\tools\compiler\ti-cgt-msp430_18.12.3.LTS\lib\</path>
         <kind>archive</kind>
         <file>rts430x_lc_rd_eabi.lib</file>
         <name>int41.asm.obj</name>
      </input_file>
      <input_file id="fl-53">
         <path>C:\ti\ccs910\ccs\tools\compiler\ti-cgt-msp430_18.12.3.LTS\lib\</path>
         <kind>archive</kind>
         <file>rts430x_lc_rd_eabi.lib</file>
         <name>int42.asm.obj</name>
      </input_file>
      <input_file id="fl-54">
         <path>C:\ti\ccs910\ccs\tools\compiler\ti-cgt-msp430_18.12.3.LTS\lib\</path>
         <kind>archive</kind>
         <file>rts430x_lc_rd_eabi.lib</file>
         <name>int43.asm.obj</name>
      </input_file>
      <input_file id="fl-55">
         <path>C:\ti\ccs910\ccs\tools\compiler\ti-cgt-msp430_18.12.3.LTS\lib\</path>
         <kind>archive</kind>
         <file>rts430x_lc_rd_eabi.lib</file>
         <name>int44.asm.obj</name>
      </input_file>
      <input_file id="fl-56">
         <path>C:\ti\ccs910\ccs\tools\compiler\ti-cgt-msp430_18.12.3.LTS\lib\</path>
         <kind>archive</kind>
         <file>rts430x_lc_rd_eabi.lib</file>
         <name>int46.asm.obj</name>
      </input_file>
      <input_file id="fl-57">
         <path>C:\ti\ccs910\ccs\tools\compiler\ti-cgt-msp430_18.12.3.LTS\lib\</path>
         <kind>archive</kind>
         <file>rts430x_lc_rd_eabi.lib</file>
         <name>int47.asm.obj</name>
      </input_file>
      <input_file id="fl-58">
         <path>C:\ti\ccs910\ccs\tools\compiler\ti-cgt-msp430_18.12.3.LTS\lib\</path>
         <kind>archive</kind>
         <file>rts430x_lc_rd_eabi.lib</file>
         <name>int49.asm.obj</name>
      </input_file>
      <input_file id="fl-59">
         <path>C:\ti\ccs910\ccs\tools\compiler\ti-cgt-msp430_18.12.3.LTS\lib\</path>
         <kind>archive</kind>
         <file>rts430x_lc_rd_eabi.lib</file>
         <name>int50.asm.obj</name>
      </input_file>
      <input_file id="fl-5a">
         <path>C:\ti\ccs910\ccs\tools\compiler\ti-cgt-msp430_18.12.3.LTS\lib\</path>
         <kind>archive</kind>
         <file>rts430x_lc_rd_eabi.lib</file>
         <name>int51.asm.obj</name>
      </input_file>
      <input_file id="fl-5b">
         <path>C:\ti\ccs910\ccs\tools\compiler\ti-cgt-msp430_18.12.3.LTS\lib\</path>
         <kind>archive</kind>
         <file>rts430x_lc_rd_eabi.lib</file>
         <name>int52.asm.obj</name>
      </input_file>
      <input_file id="fl-5c">
         <path>C:\ti\ccs910\ccs\tools\compiler\ti-cgt-msp430_18.12.3.LTS\lib\</path>
         <kind>archive</kind>
         <file>rts430x_lc_rd_eabi.lib</file>
         <name>int53.asm.obj</name>
      </input_file>
      <input_file id="fl-5d">
         <path>C:\ti\ccs910\ccs\tools\compiler\ti-cgt-msp430_18.12.3.LTS\lib\</path>
         <kind>archive</kind>
         <file>rts430x_lc_rd_eabi.lib</file>
         <name>int54.asm.obj</name>
      </input_file>
      <input_file id="fl-5e">
         <path>C:\ti\ccs910\ccs\tools\compiler\ti-cgt-msp430_18.12.3.LTS\lib\</path>
         <kind>archive</kind>
         <file>rts430x_lc_rd_eabi.lib</file>
         <name>copy_zero_init.c.obj</name>
      </input_file>
      <input_file id="fl-5f">
         <path>C:\ti\ccs910\ccs\tools\compiler\ti-cgt-msp430_18.12.3.LTS\lib\</path>
         <kind>archive</kind>
         <file>rts430x_lc_rd_eabi.lib</file>
         <name>cmpd.c.obj</name>
      </input_file>
      <input_file id="fl-60">
         <path>C:\ti\ccs910\ccs\tools\compiler\ti-cgt-msp430_18.12.3.LTS\lib\</path>
         <kind>archive</kind>
         <file>rts430x_lc_rd_eabi.lib</file>
         <name>divd.c.obj</name>
      </input_file>
      <input_file id="fl-61">
         <path>C:\ti\ccs910\ccs\tools\compiler\ti-cgt-msp430_18.12.3.LTS\lib\</path>
         <kind>archive</kind>
         <file>rts430x_lc_rd_eabi.lib</file>
         <name>frcdivd.c.obj</name>
      </input_file>
      <input_file id="fl-62">
         <path>C:\ti\ccs910\ccs\tools\compiler\ti-cgt-msp430_18.12.3.LTS\lib\</path>
         <kind>archive</kind>
         <file>rts430x_lc_rd_eabi.lib</file>
         <name>div16u.asm.obj</name>
      </input_file>
      <input_file id="fl-63">
         <path>C:\ti\ccs910\ccs\tools\compiler\ti-cgt-msp430_18.12.3.LTS\lib\</path>
         <kind>archive</kind>
         <file>rts430x_lc_rd_eabi.lib</file>
         <name>div32u.asm.obj</name>
      </input_file>
      <input_file id="fl-64">
         <path>C:\ti\ccs910\ccs\tools\compiler\ti-cgt-msp430_18.12.3.LTS\lib\</path>
         <kind>archive</kind>
         <file>rts430x_lc_rd_eabi.lib</file>
         <name>fixdi.c.obj</name>
      </input_file>
      <input_file id="fl-65">
         <path>C:\ti\ccs910\ccs\tools\compiler\ti-cgt-msp430_18.12.3.LTS\lib\</path>
         <kind>archive</kind>
         <file>rts430x_lc_rd_eabi.lib</file>
         <name>fixdli.c.obj</name>
      </input_file>
      <input_file id="fl-66">
         <path>C:\ti\ccs910\ccs\tools\compiler\ti-cgt-msp430_18.12.3.LTS\lib\</path>
         <kind>archive</kind>
         <file>rts430x_lc_rd_eabi.lib</file>
         <name>fltid.c.obj</name>
      </input_file>
      <input_file id="fl-67">
         <path>C:\ti\ccs910\ccs\tools\compiler\ti-cgt-msp430_18.12.3.LTS\lib\</path>
         <kind>archive</kind>
         <file>rts430x_lc_rd_eabi.lib</file>
         <name>fltlid.c.obj</name>
      </input_file>
      <input_file id="fl-68">
         <path>C:\ti\ccs910\ccs\tools\compiler\ti-cgt-msp430_18.12.3.LTS\lib\</path>
         <kind>archive</kind>
         <file>rts430x_lc_rd_eabi.lib</file>
         <name>fltud.c.obj</name>
      </input_file>
      <input_file id="fl-69">
         <path>C:\ti\ccs910\ccs\tools\compiler\ti-cgt-msp430_18.12.3.LTS\lib\</path>
         <kind>archive</kind>
         <file>rts430x_lc_rd_eabi.lib</file>
         <name>fltuld.c.obj</name>
      </input_file>
      <input_file id="fl-6a">
         <path>C:\ti\ccs910\ccs\tools\compiler\ti-cgt-msp430_18.12.3.LTS\lib\</path>
         <kind>archive</kind>
         <file>rts430x_lc_rd_eabi.lib</file>
         <name>mpyd.c.obj</name>
      </input_file>
      <input_file id="fl-6b">
         <path>C:\ti\ccs910\ccs\tools\compiler\ti-cgt-msp430_18.12.3.LTS\lib\</path>
         <kind>archive</kind>
         <file>rts430x_lc_rd_eabi.lib</file>
         <name>frcmpyd.c.obj</name>
      </input_file>
      <input_file id="fl-6c">
         <path>C:\ti\ccs910\ccs\tools\compiler\ti-cgt-msp430_18.12.3.LTS\lib\</path>
         <kind>archive</kind>
         <file>rts430x_lc_rd_eabi.lib</file>
         <name>mult16.asm.obj</name>
      </input_file>
      <input_file id="fl-6d">
         <path>C:\ti\ccs910\ccs\tools\compiler\ti-cgt-msp430_18.12.3.LTS\lib\</path>
         <kind>archive</kind>
         <file>rts430x_lc_rd_eabi.lib</file>
         <name>mult16_f5hw.asm.obj</name>
      </input_file>
      <input_file id="fl-6e">
         <path>C:\ti\ccs910\ccs\tools\compiler\ti-cgt-msp430_18.12.3.LTS\lib\</path>
         <kind>archive</kind>
         <file>rts430x_lc_rd_eabi.lib</file>
         <name>mult32.asm.obj</name>
      </input_file>
      <input_file id="fl-6f">
         <path>C:\ti\ccs910\ccs\tools\compiler\ti-cgt-msp430_18.12.3.LTS\lib\</path>
         <kind>archive</kind>
         <file>rts430x_lc_rd_eabi.lib</file>
         <name>mult32_f5hw.asm.obj</name>
      </input_file>
      <input_file id="fl-70">
         <path>C:\ti\ccs910\ccs\tools\compiler\ti-cgt-msp430_18.12.3.LTS\lib\</path>
         <kind>archive</kind>
         <file>rts430x_lc_rd_eabi.lib</file>
         <name>mult64_f5hw.asm.obj</name>
      </input_file>
      <input_file id="fl-71">
         <path>C:\ti\ccs910\ccs\tools\compiler\ti-cgt-msp430_18.12.3.LTS\lib\</path>
         <kind>archive</kind>
         <file>rts430x_lc_rd_eabi.lib</file>
         <name>mult1632_f5hw.asm.obj</name>
      </input_file>
      <input_file id="fl-72">
         <path>C:\ti\ccs910\ccs\tools\compiler\ti-cgt-msp430_18.12.3.LTS\lib\</path>
         <kind>archive</kind>
         <file>rts430x_lc_rd_eabi.lib</file>
         <name>mult3264_f5hw.asm.obj</name>
      </input_file>
      <input_file id="fl-73">
         <path>C:\ti\ccs910\ccs\tools\compiler\ti-cgt-msp430_18.12.3.LTS\lib\</path>
         <kind>archive</kind>
         <file>rts430x_lc_rd_eabi.lib</file>
         <name>lsl32.asm.obj</name>
      </input_file>
      <input_file id="fl-74">
         <path>C:\ti\ccs910\ccs\tools\compiler\ti-cgt-msp430_18.12.3.LTS\lib\</path>
         <kind>archive</kind>
         <file>rts430x_lc_rd_eabi.lib</file>
         <name>asr32.asm.obj</name>
      </input_file>
      <input_file id="fl-75">
         <path>C:\ti\ccs910\ccs\tools\compiler\ti-cgt-msp430_18.12.3.LTS\lib\</path>
         <kind>archive</kind>
         <file>rts430x_lc_rd_eabi.lib</file>
         <name>lsr32.asm.obj</name>
      </input_file>
      <input_file id="fl-76">
         <path>C:\ti\ccs910\ccs\tools\compiler\ti-cgt-msp430_18.12.3.LTS\lib\</path>
         <kind>archive</kind>
         <file>rts430x_lc_rd_eabi.lib</file>
         <name>lsr64.c.obj</name>
      </input_file>
      <input_file id="fl-77">
         <path>C:\ti\ccs910\ccs\tools\compiler\ti-cgt-msp430_18.12.3.LTS\lib\</path>
         <kind>archive</kind>
         <file>rts430x_lc_rd_eabi.lib</file>
         <name>subd.c.obj</name>
      </input_file>
      <input_file id="fl-78">
         <path>C:\ti\ccs910\ccs\tools\compiler\ti-cgt-msp430_18.12.3.LTS\lib\</path>
         <kind>archive</kind>
         <file>rts430x_lc_rd_eabi.lib</file>
         <name>addd.c.obj</name>
      </input_file>
      <input_file id="fl-79">
         <path>C:\ti\ccs910\ccs\tools\compiler\ti-cgt-msp430_18.12.3.LTS\lib\</path>
         <kind>archive</kind>
         <file>rts430x_lc_rd_eabi.lib</file>
         <name>frcaddd.c.obj</name>
      </input_file>
      <input_file id="fl-7a">
         <path>C:\ti\ccs910\ccs\tools\compiler\ti-cgt-msp430_18.12.3.LTS\lib\</path>
         <kind>archive</kind>
         <file>rts430x_lc_rd_eabi.lib</file>
         <name>renormd.c.obj</name>
      </input_file>
      <input_file id="fl-7b">
         <path>C:\ti\ccs910\ccs\tools\compiler\ti-cgt-msp430_18.12.3.LTS\lib\</path>
         <kind>archive</kind>
         <file>rts430x_lc_rd_eabi.lib</file>
         <name>boot.c.obj</name>
      </input_file>
      <input_file id="fl-7c">
         <path>C:\ti\ccs910\ccs\ccs_base\msp430\lib\FR59xx\</path>
         <kind>archive</kind>
         <file>MSPMPU_INIT_LIB_CCS_msp430_large_code_restricted_data.lib</file>
         <name>mpu_init.o</name>
      </input_file>
      <input_file id="fl-7d">
         <path>C:\ti\ccs910\ccs\tools\compiler\ti-cgt-msp430_18.12.3.LTS\lib\</path>
         <kind>archive</kind>
         <file>rts430x_lc_rd_eabi.lib</file>
         <name>args_main.c.obj</name>
      </input_file>
      <input_file id="fl-7e">
         <path>C:\ti\ccs910\ccs\tools\compiler\ti-cgt-msp430_18.12.3.LTS\lib\</path>
         <kind>archive</kind>
         <file>rts430x_lc_rd_eabi.lib</file>
         <name>autoinit.c.obj</name>
      </input_file>
      <input_file id="fl-7f">
         <path>C:\ti\ccs910\ccs\tools\compiler\ti-cgt-msp430_18.12.3.LTS\lib\</path>
         <kind>archive</kind>
         <file>rts430x_lc_rd_eabi.lib</file>
         <name>startup.c.obj</name>
      </input_file>
      <input_file id="fl-80">
         <path>C:\ti\ccs910\ccs\tools\compiler\ti-cgt-msp430_18.12.3.LTS\lib\</path>
         <kind>archive</kind>
         <file>rts430x_lc_rd_eabi.lib</file>
         <name>pre_init.c.obj</name>
      </input_file>
      <input_file id="fl-81">
         <path>C:\ti\ccs910\ccs\tools\compiler\ti-cgt-msp430_18.12.3.LTS\lib\</path>
         <kind>archive</kind>
         <file>rts430x_lc_rd_eabi.lib</file>
         <name>cpy_tbl.c.obj</name>
      </input_file>
      <input_file id="fl-82">
         <path>C:\ti\ccs910\ccs\tools\compiler\ti-cgt-msp430_18.12.3.LTS\lib\</path>
         <kind>archive</kind>
         <file>rts430x_lc_rd_eabi.lib</file>
         <name>exit.c.obj</name>
      </input_file>
      <input_file id="fl-83">
         <path>C:\ti\ccs910\ccs\tools\compiler\ti-cgt-msp430_18.12.3.LTS\lib\</path>
         <kind>archive</kind>
         <file>rts430x_lc_rd_eabi.lib</file>
         <name>exit_gvars.c.obj</name>
      </input_file>
      <input_file id="fl-84">
         <path>C:\ti\ccs910\ccs\tools\compiler\ti-cgt-msp430_18.12.3.LTS\lib\</path>
         <kind>archive</kind>
         <file>rts430x_lc_rd_eabi.lib</file>
         <name>_lock.c.obj</name>
      </input_file>
      <input_file id="fl-85">
         <path>C:\ti\ccs910\ccs\tools\compiler\ti-cgt-msp430_18.12.3.LTS\lib\</path>
         <kind>archive</kind>
         <file>rts430x_lc_rd_eabi.lib</file>
         <name>memcpy.c.obj</name>
      </input_file>
      <input_file id="fl-86">
         <path>C:\ti\ccs910\ccs\tools\compiler\ti-cgt-msp430_18.12.3.LTS\lib\</path>
         <kind>archive</kind>
         <file>rts430x_lc_rd_eabi.lib</file>
         <name>memset.c.obj</name>
      </input_file>
   </input_file_list>
   <object_component_list>
      <object_component id="oc-ac7">
         <name>.TI.persistent:UCBRSx_Vals</name>
         <load_address>0x4000</load_address>
         <run_address>0x4000</run_address>
         <size>0x168</size>
         <input_file_ref idref="fl-8"/>
      </object_component>
      <object_component id="oc-9e6">
         <name>.TI.persistent:uxIdleTaskStack$2</name>
         <load_address>0x4168</load_address>
         <run_address>0x4168</run_address>
         <size>0x154</size>
         <input_file_ref idref="fl-3"/>
      </object_component>
      <object_component id="oc-b0d">
         <name>.TI.persistent:uxTimerTaskStack$4</name>
         <load_address>0x42bc</load_address>
         <run_address>0x42bc</run_address>
         <size>0x154</size>
         <input_file_ref idref="fl-3"/>
      </object_component>
      <object_component id="oc-879">
         <name>.TI.persistent:_ZN6SatLib15eUSCI_A_ModulesE</name>
         <load_address>0x4410</load_address>
         <run_address>0x4410</run_address>
         <size>0x110</size>
         <input_file_ref idref="fl-7"/>
      </object_component>
      <object_component id="oc-cb0">
         <name>__TI_handler_table</name>
         <load_address>0x4934</load_address>
         <run_address>0x4934</run_address>
         <size>0xc</size>
      </object_component>
      <object_component id="oc-cb3">
         <name>.cinit..data.load</name>
         <load_address>0x4940</load_address>
         <run_address>0x4940</run_address>
         <size>0xa</size>
      </object_component>
      <object_component id="oc-cb2">
         <name>.cinit..bss.load</name>
         <load_address>0x494a</load_address>
         <run_address>0x494a</run_address>
         <size>0x6</size>
      </object_component>
      <object_component id="oc-cb1">
         <name>__TI_cinit_table</name>
         <load_address>0x4950</load_address>
         <run_address>0x4950</run_address>
         <size>0x10</size>
      </object_component>
      <object_component id="oc-c3f">
         <name>.binit</name>
         <load_address>0x4000</load_address>
         <run_address>0x4000</run_address>
         <size>0x0</size>
      </object_component>
      <object_component id="oc-69b">
         <name>.init_array</name>
         <load_address>0x4918</load_address>
         <run_address>0x4918</run_address>
         <size>0x4</size>
         <input_file_ref idref="fl-2"/>
      </object_component>
      <object_component id="oc-cb4">
         <name>__TI_INITARRAY_Limit</name>
         <load_address>0x491c</load_address>
         <run_address>0x491c</run_address>
         <size>0x0</size>
      </object_component>
      <object_component id="oc-6c3">
         <name>.text:_isr:_Z11USCI_A0_ISRv</name>
         <load_address>0x4800</load_address>
         <run_address>0x4800</run_address>
         <size>0xe0</size>
         <input_file_ref idref="fl-2"/>
      </object_component>
      <object_component id="oc-6f3">
         <name>.text:_isr:_c_int00_noargs_mpu</name>
         <load_address>0x48e0</load_address>
         <run_address>0x48e0</run_address>
         <size>0x20</size>
         <input_file_ref idref="fl-7b"/>
      </object_component>
      <object_component id="oc-6bd">
         <name>.text:_isr:vTickISREntry</name>
         <load_address>0x4900</load_address>
         <run_address>0x4900</run_address>
         <size>0x10</size>
         <input_file_ref idref="fl-c"/>
      </object_component>
      <object_component id="oc-6b8">
         <name>.text:_isr:__TI_ISR_TRAP</name>
         <load_address>0x4910</load_address>
         <run_address>0x4910</run_address>
         <size>0x8</size>
         <input_file_ref idref="fl-3b"/>
      </object_component>
      <object_component id="oc-80f">
         <name>.const:.string</name>
         <load_address>0x491c</load_address>
         <run_address>0x491c</run_address>
         <size>0xa</size>
         <input_file_ref idref="fl-2"/>
      </object_component>
      <object_component id="oc-a0f">
         <name>.const:.string</name>
         <load_address>0x4926</load_address>
         <run_address>0x4926</run_address>
         <size>0x8</size>
         <input_file_ref idref="fl-11"/>
      </object_component>
      <object_component id="oc-915">
         <name>.const:.string</name>
         <load_address>0x492e</load_address>
         <run_address>0x492e</run_address>
         <size>0x6</size>
         <input_file_ref idref="fl-10"/>
      </object_component>
      <object_component id="oc-b67">
         <name>.text:__TI_frcdivd</name>
         <load_address>0x10000</load_address>
         <run_address>0x10000</run_address>
         <size>0x466</size>
         <input_file_ref idref="fl-61"/>
      </object_component>
      <object_component id="oc-b70">
         <name>.text:__mspabi_addd</name>
         <load_address>0x10466</load_address>
         <run_address>0x10466</run_address>
         <size>0x2e0</size>
         <input_file_ref idref="fl-78"/>
      </object_component>
      <object_component id="oc-9a1">
         <name>.text:_ZN6SatLib4UART8initUARTEmjm</name>
         <load_address>0x10746</load_address>
         <run_address>0x10746</run_address>
         <size>0x2b2</size>
         <input_file_ref idref="fl-8"/>
      </object_component>
      <object_component id="oc-b5a">
         <name>.text:__TI_frcmpyd</name>
         <load_address>0x109f8</load_address>
         <run_address>0x109f8</run_address>
         <size>0x280</size>
         <input_file_ref idref="fl-6b"/>
      </object_component>
      <object_component id="oc-aa3">
         <name>.text:__mspabi_mpyd</name>
         <load_address>0x10c78</load_address>
         <run_address>0x10c78</run_address>
         <size>0x266</size>
         <input_file_ref idref="fl-6a"/>
      </object_component>
      <object_component id="oc-bdb">
         <name>.text:__TI_frcaddd</name>
         <load_address>0x10ede</load_address>
         <run_address>0x10ede</run_address>
         <size>0x248</size>
         <input_file_ref idref="fl-79"/>
      </object_component>
      <object_component id="oc-aa9">
         <name>.text:__mspabi_divd</name>
         <load_address>0x11126</load_address>
         <run_address>0x11126</run_address>
         <size>0x222</size>
         <input_file_ref idref="fl-60"/>
      </object_component>
      <object_component id="oc-957">
         <name>.text:xQueueGenericSend</name>
         <load_address>0x11348</load_address>
         <run_address>0x11348</run_address>
         <size>0x182</size>
         <input_file_ref idref="fl-e"/>
      </object_component>
      <object_component id="oc-bb0">
         <name>.text:xQueueReceive</name>
         <load_address>0x114ca</load_address>
         <run_address>0x114ca</run_address>
         <size>0x16e</size>
         <input_file_ref idref="fl-e"/>
      </object_component>
      <object_component id="oc-b1b">
         <name>.text:prvProcessReceivedCommands</name>
         <load_address>0x11638</load_address>
         <run_address>0x11638</run_address>
         <size>0xf6</size>
         <input_file_ref idref="fl-11"/>
      </object_component>
      <object_component id="oc-788">
         <name>.text:xTaskIncrementTick</name>
         <load_address>0x1172e</load_address>
         <run_address>0x1172e</run_address>
         <size>0xe8</size>
         <input_file_ref idref="fl-10"/>
      </object_component>
      <object_component id="oc-8fc">
         <name>.text:prvInitialiseNewTask</name>
         <load_address>0x11816</load_address>
         <run_address>0x11816</run_address>
         <size>0xdc</size>
         <input_file_ref idref="fl-10"/>
      </object_component>
      <object_component id="oc-aca">
         <name>.text:__mspabi_cmpd</name>
         <load_address>0x118f2</load_address>
         <run_address>0x118f2</run_address>
         <size>0xd8</size>
         <input_file_ref idref="fl-5f"/>
      </object_component>
      <object_component id="oc-9b4">
         <name>.text:xTaskResumeAll</name>
         <load_address>0x119ca</load_address>
         <run_address>0x119ca</run_address>
         <size>0xd2</size>
         <input_file_ref idref="fl-10"/>
      </object_component>
      <object_component id="oc-8e9">
         <name>.text:_ZN6SatLib4UART5writeEPhj</name>
         <load_address>0x11a9c</load_address>
         <run_address>0x11a9c</run_address>
         <size>0xce</size>
         <input_file_ref idref="fl-8"/>
      </object_component>
      <object_component id="oc-772">
         <name>.text:_ZN6SatLib4UARTC1EhPNS_10RingBufferIhEES3_</name>
         <load_address>0x11b6a</load_address>
         <run_address>0x11b6a</run_address>
         <size>0xc6</size>
         <input_file_ref idref="fl-8"/>
      </object_component>
      <object_component id="oc-c24">
         <name>.text:__TI_renormd</name>
         <load_address>0x11c30</load_address>
         <run_address>0x11c30</run_address>
         <size>0xb2</size>
         <input_file_ref idref="fl-7a"/>
      </object_component>
      <object_component id="oc-9c3">
         <name>.text:ulTaskNotifyTake</name>
         <load_address>0x11ce2</load_address>
         <run_address>0x11ce2</run_address>
         <size>0xac</size>
         <input_file_ref idref="fl-10"/>
      </object_component>
      <object_component id="oc-a3a">
         <name>.text:xQueueGenericReset</name>
         <load_address>0x11d8e</load_address>
         <run_address>0x11d8e</run_address>
         <size>0xaa</size>
         <input_file_ref idref="fl-e"/>
      </object_component>
      <object_component id="oc-71d">
         <name>.text</name>
         <load_address>0x11e38</load_address>
         <run_address>0x11e38</run_address>
         <size>0xa6</size>
         <input_file_ref idref="fl-d"/>
      </object_component>
      <object_component id="oc-a53">
         <name>.text:prvUnlockQueue</name>
         <load_address>0x11ede</load_address>
         <run_address>0x11ede</run_address>
         <size>0xa0</size>
         <input_file_ref idref="fl-e"/>
      </object_component>
      <object_component id="oc-b7e">
         <name>.text:__mspabi_fltlid</name>
         <load_address>0x11f7e</load_address>
         <run_address>0x11f7e</run_address>
         <size>0x9e</size>
         <input_file_ref idref="fl-67"/>
      </object_component>
      <object_component id="oc-a65">
         <name>.text:prvCopyDataToQueue</name>
         <load_address>0x1201c</load_address>
         <run_address>0x1201c</run_address>
         <size>0x9a</size>
         <input_file_ref idref="fl-e"/>
      </object_component>
      <object_component id="oc-902">
         <name>.text:prvAddNewTaskToReadyList</name>
         <load_address>0x120b6</load_address>
         <run_address>0x120b6</run_address>
         <size>0x96</size>
         <input_file_ref idref="fl-10"/>
      </object_component>
      <object_component id="oc-726">
         <name>.text:vTaskNotifyGiveFromISR</name>
         <load_address>0x1214c</load_address>
         <run_address>0x1214c</run_address>
         <size>0x96</size>
         <input_file_ref idref="fl-10"/>
      </object_component>
      <object_component id="oc-817">
         <name>.text:vTaskStartScheduler</name>
         <load_address>0x121e2</load_address>
         <run_address>0x121e2</run_address>
         <size>0x94</size>
         <input_file_ref idref="fl-10"/>
      </object_component>
      <object_component id="oc-78e">
         <name>.text:vTaskSwitchContext</name>
         <load_address>0x12276</load_address>
         <run_address>0x12276</run_address>
         <size>0x92</size>
         <input_file_ref idref="fl-10"/>
      </object_component>
      <object_component id="oc-810">
         <name>.text:xTaskCreateStatic</name>
         <load_address>0x12308</load_address>
         <run_address>0x12308</run_address>
         <size>0x92</size>
         <input_file_ref idref="fl-10"/>
      </object_component>
      <object_component id="oc-916">
         <name>.text:xTimerCreateTimerTask</name>
         <load_address>0x1239a</load_address>
         <run_address>0x1239a</run_address>
         <size>0x8c</size>
         <input_file_ref idref="fl-11"/>
      </object_component>
      <object_component id="oc-809">
         <name>.text:_Z12echoTaskCodePv</name>
         <load_address>0x12426</load_address>
         <run_address>0x12426</run_address>
         <size>0x86</size>
         <input_file_ref idref="fl-2"/>
      </object_component>
      <object_component id="oc-bf1">
         <name>.text:prvSwitchTimerLists</name>
         <load_address>0x124ac</load_address>
         <run_address>0x124ac</run_address>
         <size>0x86</size>
         <input_file_ref idref="fl-11"/>
      </object_component>
      <object_component id="oc-c0d">
         <name>.text:xQueueGenericSendFromISR</name>
         <load_address>0x12532</load_address>
         <run_address>0x12532</run_address>
         <size>0x82</size>
         <input_file_ref idref="fl-e"/>
      </object_component>
      <object_component id="oc-b47">
         <name>.text:xTaskPriorityDisinherit</name>
         <load_address>0x125b4</load_address>
         <run_address>0x125b4</run_address>
         <size>0x82</size>
         <input_file_ref idref="fl-10"/>
      </object_component>
      <object_component id="oc-8f5">
         <name>.text:_ZN6SatLib4UART8waitOnRxEl</name>
         <load_address>0x12636</load_address>
         <run_address>0x12636</run_address>
         <size>0x80</size>
         <input_file_ref idref="fl-8"/>
      </object_component>
      <object_component id="oc-8ef">
         <name>.text:_ZN6SatLib4UART8waitOnTxEl</name>
         <load_address>0x126b6</load_address>
         <run_address>0x126b6</run_address>
         <size>0x80</size>
         <input_file_ref idref="fl-8"/>
      </object_component>
      <object_component id="oc-a9d">
         <name>.text:__mspabi_fltuld</name>
         <load_address>0x12736</load_address>
         <run_address>0x12736</run_address>
         <size>0x80</size>
         <input_file_ref idref="fl-69"/>
      </object_component>
      <object_component id="oc-a6b">
         <name>.text:xTaskRemoveFromEventList</name>
         <load_address>0x127b6</load_address>
         <run_address>0x127b6</run_address>
         <size>0x80</size>
         <input_file_ref idref="fl-10"/>
      </object_component>
      <object_component id="oc-8e3">
         <name>.text:_ZN6SatLib4UART4readEPhj</name>
         <load_address>0x12836</load_address>
         <run_address>0x12836</run_address>
         <size>0x7e</size>
         <input_file_ref idref="fl-8"/>
      </object_component>
      <object_component id="oc-705">
         <name>.text:__sti___8_echo_cpp_TxBuffer</name>
         <load_address>0x128b4</load_address>
         <run_address>0x128b4</run_address>
         <size>0x78</size>
         <input_file_ref idref="fl-2"/>
      </object_component>
      <object_component id="oc-84">
         <name>.text:decompress:lzss:__TI_decompress_lzss</name>
         <load_address>0x1292c</load_address>
         <run_address>0x1292c</run_address>
         <size>0x76</size>
         <input_file_ref idref="fl-38"/>
      </object_component>
      <object_component id="oc-bb6">
         <name>.text:xTimerGenericCommand</name>
         <load_address>0x129a2</load_address>
         <run_address>0x129a2</run_address>
         <size>0x76</size>
         <input_file_ref idref="fl-11"/>
      </object_component>
      <object_component id="oc-a4d">
         <name>.text:xTaskCheckForTimeOut</name>
         <load_address>0x12a18</load_address>
         <run_address>0x12a18</run_address>
         <size>0x74</size>
         <input_file_ref idref="fl-10"/>
      </object_component>
      <object_component id="oc-85f">
         <name>.text:xQueueGenericCreateStatic</name>
         <load_address>0x12a8c</load_address>
         <run_address>0x12a8c</run_address>
         <size>0x72</size>
         <input_file_ref idref="fl-e"/>
      </object_component>
      <object_component id="oc-848">
         <name>.text:__TI_auto_init_nobinit_hold_wdt:__TI_auto_init_nobinit_hold_wdt</name>
         <load_address>0x12afe</load_address>
         <run_address>0x12afe</run_address>
         <size>0x70</size>
         <input_file_ref idref="fl-7e"/>
      </object_component>
      <object_component id="oc-748">
         <name>.text:main</name>
         <load_address>0x12b6e</load_address>
         <run_address>0x12b6e</run_address>
         <size>0x6e</size>
         <input_file_ref idref="fl-2"/>
      </object_component>
      <object_component id="oc-9ae">
         <name>.text:prvAddCurrentTaskToDelayedList</name>
         <load_address>0x12bdc</load_address>
         <run_address>0x12bdc</run_address>
         <size>0x6e</size>
         <input_file_ref idref="fl-10"/>
      </object_component>
      <object_component id="oc-9f7">
         <name>.text:prvCheckForValidListAndQueue</name>
         <load_address>0x12c4a</load_address>
         <run_address>0x12c4a</run_address>
         <size>0x68</size>
         <input_file_ref idref="fl-11"/>
      </object_component>
      <object_component id="oc-b15">
         <name>.text:prvProcessTimerOrBlockTask</name>
         <load_address>0x12cb2</load_address>
         <run_address>0x12cb2</run_address>
         <size>0x68</size>
         <input_file_ref idref="fl-11"/>
      </object_component>
      <object_component id="oc-b77">
         <name>.text:__mspabi_fixdli</name>
         <load_address>0x12d1a</load_address>
         <run_address>0x12d1a</run_address>
         <size>0x66</size>
         <input_file_ref idref="fl-65"/>
      </object_component>
      <object_component id="oc-ba3">
         <name>.text:prvProcessExpiredTimer</name>
         <load_address>0x12d80</load_address>
         <run_address>0x12d80</run_address>
         <size>0x64</size>
         <input_file_ref idref="fl-11"/>
      </object_component>
      <object_component id="oc-9de">
         <name>.text:prvInitialiseTaskLists</name>
         <load_address>0x12de4</load_address>
         <run_address>0x12de4</run_address>
         <size>0x5c</size>
         <input_file_ref idref="fl-10"/>
      </object_component>
      <object_component id="oc-a98">
         <name>.text</name>
         <load_address>0x12e40</load_address>
         <run_address>0x12e40</run_address>
         <size>0x58</size>
         <input_file_ref idref="fl-63"/>
      </object_component>
      <object_component id="oc-8d6">
         <name>.text:_ZN6SatLib4UART5beginEmjm</name>
         <load_address>0x12e98</load_address>
         <run_address>0x12e98</run_address>
         <size>0x56</size>
         <input_file_ref idref="fl-8"/>
      </object_component>
      <object_component id="oc-b9d">
         <name>.text:vQueueWaitForMessageRestricted</name>
         <load_address>0x12eee</load_address>
         <run_address>0x12eee</run_address>
         <size>0x4e</size>
         <input_file_ref idref="fl-e"/>
      </object_component>
      <object_component id="oc-baa">
         <name>.text:prvInsertTimerInActiveList</name>
         <load_address>0x12f3c</load_address>
         <run_address>0x12f3c</run_address>
         <size>0x4c</size>
         <input_file_ref idref="fl-11"/>
      </object_component>
      <object_component id="oc-9ea">
         <name>.text:prvCheckTasksWaitingTermination</name>
         <load_address>0x12f88</load_address>
         <run_address>0x12f88</run_address>
         <size>0x44</size>
         <input_file_ref idref="fl-10"/>
      </object_component>
      <object_component id="oc-ad2">
         <name>.text:vListInsert</name>
         <load_address>0x12fcc</load_address>
         <run_address>0x12fcc</run_address>
         <size>0x40</size>
         <input_file_ref idref="fl-b"/>
      </object_component>
      <object_component id="oc-bc9">
         <name>.text:l_asr_const</name>
         <load_address>0x1300c</load_address>
         <run_address>0x1300c</run_address>
         <size>0x3e</size>
         <input_file_ref idref="fl-74"/>
      </object_component>
      <object_component id="oc-a93">
         <name>.text:l_lsl_const</name>
         <load_address>0x1304a</load_address>
         <run_address>0x1304a</run_address>
         <size>0x3e</size>
         <input_file_ref idref="fl-73"/>
      </object_component>
      <object_component id="oc-b53">
         <name>.text:l_lsr_const</name>
         <load_address>0x13088</load_address>
         <run_address>0x13088</run_address>
         <size>0x3e</size>
         <input_file_ref idref="fl-75"/>
      </object_component>
      <object_component id="oc-7a2">
         <name>.text:uxListRemove</name>
         <load_address>0x130c6</load_address>
         <run_address>0x130c6</run_address>
         <size>0x3a</size>
         <input_file_ref idref="fl-b"/>
      </object_component>
      <object_component id="oc-bf7">
         <name>.text:vTaskPlaceOnEventListRestricted</name>
         <load_address>0x13100</load_address>
         <run_address>0x13100</run_address>
         <size>0x34</size>
         <input_file_ref idref="fl-10"/>
      </object_component>
      <object_component id="oc-ab5">
         <name>.text:__mspabi_subd</name>
         <load_address>0x13134</load_address>
         <run_address>0x13134</run_address>
         <size>0x32</size>
         <input_file_ref idref="fl-77"/>
      </object_component>
      <object_component id="oc-c06">
         <name>.text:prvCopyDataFromQueue</name>
         <load_address>0x13166</load_address>
         <run_address>0x13166</run_address>
         <size>0x32</size>
         <input_file_ref idref="fl-e"/>
      </object_component>
      <object_component id="oc-8dc">
         <name>.text:vTaskDelay</name>
         <load_address>0x13198</load_address>
         <run_address>0x13198</run_address>
         <size>0x30</size>
         <input_file_ref idref="fl-10"/>
      </object_component>
      <object_component id="oc-a59">
         <name>.text:prvIsQueueFull</name>
         <load_address>0x131c8</load_address>
         <run_address>0x131c8</run_address>
         <size>0x2e</size>
         <input_file_ref idref="fl-e"/>
      </object_component>
      <object_component id="oc-75a">
         <name>.text:__mpu_init</name>
         <load_address>0x131f6</load_address>
         <run_address>0x131f6</run_address>
         <size>0x2c</size>
         <input_file_ref idref="fl-7c"/>
      </object_component>
      <object_component id="oc-c00">
         <name>.text:prvIsQueueEmpty</name>
         <load_address>0x13222</load_address>
         <run_address>0x13222</run_address>
         <size>0x2c</size>
         <input_file_ref idref="fl-e"/>
      </object_component>
      <object_component id="oc-a5f">
         <name>.text:vTaskPlaceOnEventList</name>
         <load_address>0x1324e</load_address>
         <run_address>0x1324e</run_address>
         <size>0x2c</size>
         <input_file_ref idref="fl-10"/>
      </object_component>
      <object_component id="oc-abb">
         <name>.text:__mspabi_fixdi</name>
         <load_address>0x1327a</load_address>
         <run_address>0x1327a</run_address>
         <size>0x28</size>
         <input_file_ref idref="fl-64"/>
      </object_component>
      <object_component id="oc-b0f">
         <name>.text:prvGetNextExpireTime</name>
         <load_address>0x132a2</load_address>
         <run_address>0x132a2</run_address>
         <size>0x28</size>
         <input_file_ref idref="fl-11"/>
      </object_component>
      <object_component id="oc-b9b">
         <name>.text:prvSampleTimeNow</name>
         <load_address>0x132ca</load_address>
         <run_address>0x132ca</run_address>
         <size>0x28</size>
         <input_file_ref idref="fl-11"/>
      </object_component>
      <object_component id="oc-ae3">
         <name>.text:vListInitialise</name>
         <load_address>0x132f2</load_address>
         <run_address>0x132f2</run_address>
         <size>0x28</size>
         <input_file_ref idref="fl-b"/>
      </object_component>
      <object_component id="oc-794">
         <name>.text:vApplicationSetupTimerInterrupt</name>
         <load_address>0x1331a</load_address>
         <run_address>0x1331a</run_address>
         <size>0x26</size>
         <input_file_ref idref="fl-3"/>
      </object_component>
      <object_component id="oc-7ab">
         <name>.text:vListInsertEnd</name>
         <load_address>0x13340</load_address>
         <run_address>0x13340</run_address>
         <size>0x26</size>
         <input_file_ref idref="fl-b"/>
      </object_component>
      <object_component id="oc-6cf">
         <name>.text:decompress:ZI:__TI_zero_init</name>
         <load_address>0x13366</load_address>
         <run_address>0x13366</run_address>
         <size>0x24</size>
         <input_file_ref idref="fl-5e"/>
      </object_component>
      <object_component id="oc-891">
         <name>.text:prvResetNextTaskUnblockTime</name>
         <load_address>0x1338a</load_address>
         <run_address>0x1338a</run_address>
         <size>0x24</size>
         <input_file_ref idref="fl-10"/>
      </object_component>
      <object_component id="oc-9d7">
         <name>.text:pxPortInitialiseStack</name>
         <load_address>0x133ae</load_address>
         <run_address>0x133ae</run_address>
         <size>0x24</size>
         <input_file_ref idref="fl-c"/>
      </object_component>
      <object_component id="oc-bce">
         <name>.text</name>
         <load_address>0x133d2</load_address>
         <run_address>0x133d2</run_address>
         <size>0x24</size>
         <input_file_ref idref="fl-6f"/>
      </object_component>
      <object_component id="oc-beb">
         <name>.text:xTaskGetTickCount</name>
         <load_address>0x133f6</load_address>
         <run_address>0x133f6</run_address>
         <size>0x24</size>
         <input_file_ref idref="fl-10"/>
      </object_component>
      <object_component id="oc-768">
         <name>.text:xQueueCreateMutexStatic</name>
         <load_address>0x1341a</load_address>
         <run_address>0x1341a</run_address>
         <size>0x22</size>
         <input_file_ref idref="fl-e"/>
      </object_component>
      <object_component id="oc-865">
         <name>.text:prvInitialiseMutex</name>
         <load_address>0x1343c</load_address>
         <run_address>0x1343c</run_address>
         <size>0x20</size>
         <input_file_ref idref="fl-e"/>
      </object_component>
      <object_component id="oc-950">
         <name>.text:prvInitialiseNewQueue</name>
         <load_address>0x1345c</load_address>
         <run_address>0x1345c</run_address>
         <size>0x20</size>
         <input_file_ref idref="fl-e"/>
      </object_component>
      <object_component id="oc-909">
         <name>.text:vApplicationGetIdleTaskMemory</name>
         <load_address>0x1347c</load_address>
         <run_address>0x1347c</run_address>
         <size>0x1a</size>
         <input_file_ref idref="fl-3"/>
      </object_component>
      <object_component id="oc-a03">
         <name>.text:vApplicationGetTimerTaskMemory</name>
         <load_address>0x13496</load_address>
         <run_address>0x13496</run_address>
         <size>0x1a</size>
         <input_file_ref idref="fl-3"/>
      </object_component>
      <object_component id="oc-874">
         <name>.text</name>
         <load_address>0x134b0</load_address>
         <run_address>0x134b0</run_address>
         <size>0x18</size>
         <input_file_ref idref="fl-6d"/>
      </object_component>
      <object_component id="oc-a41">
         <name>.text:xTaskGetSchedulerState</name>
         <load_address>0x134c8</load_address>
         <run_address>0x134c8</run_address>
         <size>0x18</size>
         <input_file_ref idref="fl-10"/>
      </object_component>
      <object_component id="oc-9cb">
         <name>.text:memset</name>
         <load_address>0x134e0</load_address>
         <run_address>0x134e0</run_address>
         <size>0x16</size>
         <input_file_ref idref="fl-86"/>
      </object_component>
      <object_component id="oc-90f">
         <name>.text:prvIdleTask</name>
         <load_address>0x134f6</load_address>
         <run_address>0x134f6</run_address>
         <size>0x16</size>
         <input_file_ref idref="fl-10"/>
      </object_component>
      <object_component id="oc-a09">
         <name>.text:prvTimerTask</name>
         <load_address>0x1350c</load_address>
         <run_address>0x1350c</run_address>
         <size>0x16</size>
         <input_file_ref idref="fl-11"/>
      </object_component>
      <object_component id="oc-72c">
         <name>.text</name>
         <load_address>0x13522</load_address>
         <run_address>0x13522</run_address>
         <size>0x16</size>
         <input_file_ref idref="fl-62"/>
      </object_component>
      <object_component id="oc-6ab">
         <name>.text:memcpy</name>
         <load_address>0x13538</load_address>
         <run_address>0x13538</run_address>
         <size>0x14</size>
         <input_file_ref idref="fl-85"/>
      </object_component>
      <object_component id="oc-8a">
         <name>.text:decompress:none:__TI_decompress_none</name>
         <load_address>0x1354c</load_address>
         <run_address>0x1354c</run_address>
         <size>0x12</size>
         <input_file_ref idref="fl-39"/>
      </object_component>
      <object_component id="oc-c1f">
         <name>.text:l_asr</name>
         <load_address>0x1355e</load_address>
         <run_address>0x1355e</run_address>
         <size>0x10</size>
         <input_file_ref idref="fl-74"/>
      </object_component>
      <object_component id="oc-c1a">
         <name>.text:l_lsl</name>
         <load_address>0x1356e</load_address>
         <run_address>0x1356e</run_address>
         <size>0x10</size>
         <input_file_ref idref="fl-73"/>
      </object_component>
      <object_component id="oc-be3">
         <name>.text:l_lsr</name>
         <load_address>0x1357e</load_address>
         <run_address>0x1357e</run_address>
         <size>0x10</size>
         <input_file_ref idref="fl-75"/>
      </object_component>
      <object_component id="oc-a47">
         <name>.text:vTaskInternalSetTimeOutState</name>
         <load_address>0x1358e</load_address>
         <run_address>0x1358e</run_address>
         <size>0xe</size>
         <input_file_ref idref="fl-10"/>
      </object_component>
      <object_component id="oc-ac1">
         <name>.text:__mspabi_fltid</name>
         <load_address>0x1359c</load_address>
         <run_address>0x1359c</run_address>
         <size>0xc</size>
         <input_file_ref idref="fl-66"/>
      </object_component>
      <object_component id="oc-9f0">
         <name>.text:vApplicationIdleHook</name>
         <load_address>0x135a8</load_address>
         <run_address>0x135a8</run_address>
         <size>0xc</size>
         <input_file_ref idref="fl-4"/>
      </object_component>
      <object_component id="oc-9d1">
         <name>.text:vListInitialiseItem</name>
         <load_address>0x135b4</load_address>
         <run_address>0x135b4</run_address>
         <size>0x8</size>
         <input_file_ref idref="fl-b"/>
      </object_component>
      <object_component id="oc-aaf">
         <name>.text:__mspabi_fltud</name>
         <load_address>0x135bc</load_address>
         <run_address>0x135bc</run_address>
         <size>0x6</size>
         <input_file_ref idref="fl-68"/>
      </object_component>
      <object_component id="oc-81e">
         <name>.text:abort</name>
         <load_address>0x135c2</load_address>
         <run_address>0x135c2</run_address>
         <size>0x6</size>
         <input_file_ref idref="fl-82"/>
      </object_component>
      <object_component id="oc-b3e">
         <name>.text:vTaskMissedYield</name>
         <load_address>0x135c8</load_address>
         <run_address>0x135c8</run_address>
         <size>0x6</size>
         <input_file_ref idref="fl-10"/>
      </object_component>
      <object_component id="oc-9a8">
         <name>.text:vTaskSuspendAll</name>
         <load_address>0x135ce</load_address>
         <run_address>0x135ce</run_address>
         <size>0x6</size>
         <input_file_ref idref="fl-10"/>
      </object_component>
      <object_component id="oc-9bd">
         <name>.text:xTaskGetCurrentTaskHandle</name>
         <load_address>0x135d4</load_address>
         <run_address>0x135d4</run_address>
         <size>0x6</size>
         <input_file_ref idref="fl-10"/>
      </object_component>
      <object_component id="oc-742">
         <name>.text:_system_pre_init</name>
         <load_address>0x135da</load_address>
         <run_address>0x135da</run_address>
         <size>0x4</size>
         <input_file_ref idref="fl-80"/>
      </object_component>
      <object_component id="oc-92f">
         <name>.text:_system_post_cinit</name>
         <load_address>0x135de</load_address>
         <run_address>0x135de</run_address>
         <size>0x2</size>
         <input_file_ref idref="fl-7f"/>
      </object_component>
      <object_component id="oc-898">
         <name>.text:vApplicationStackOverflowHook</name>
         <load_address>0x135e0</load_address>
         <run_address>0x135e0</run_address>
         <size>0x2</size>
         <input_file_ref idref="fl-4"/>
      </object_component>
      <object_component id="oc-764">
         <name>.bss:TxBuffer</name>
         <uninitialized>true</uninitialized>
         <run_address>0x1f5e</run_address>
         <size>0x48</size>
         <input_file_ref idref="fl-2"/>
      </object_component>
      <object_component id="oc-76e">
         <name>.bss:RxBuffer</name>
         <uninitialized>true</uninitialized>
         <run_address>0x1f16</run_address>
         <size>0x48</size>
         <input_file_ref idref="fl-2"/>
      </object_component>
      <object_component id="oc-723">
         <name>.bss:Serial</name>
         <uninitialized>true</uninitialized>
         <run_address>0x1ec8</run_address>
         <size>0x4e</size>
         <input_file_ref idref="fl-2"/>
      </object_component>
      <object_component id="oc-9e5">
         <name>.bss:xIdleTaskTCB$1</name>
         <uninitialized>true</uninitialized>
         <run_address>0x1fa6</run_address>
         <size>0x48</size>
         <input_file_ref idref="fl-3"/>
      </object_component>
      <object_component id="oc-b0c">
         <name>.bss:xTimerTaskTCB$3</name>
         <uninitialized>true</uninitialized>
         <run_address>0x1fee</run_address>
         <size>0x48</size>
         <input_file_ref idref="fl-3"/>
      </object_component>
      <object_component id="oc-7a8">
         <name>.bss:pxReadyTasksLists</name>
         <uninitialized>true</uninitialized>
         <run_address>0x1e58</run_address>
         <size>0x70</size>
         <input_file_ref idref="fl-10"/>
      </object_component>
      <object_component id="oc-ae9">
         <name>.bss:xDelayedTaskList1</name>
         <uninitialized>true</uninitialized>
         <run_address>0x21dc</run_address>
         <size>0x10</size>
         <input_file_ref idref="fl-10"/>
      </object_component>
      <object_component id="oc-aec">
         <name>.bss:xDelayedTaskList2</name>
         <uninitialized>true</uninitialized>
         <run_address>0x21ec</run_address>
         <size>0x10</size>
         <input_file_ref idref="fl-10"/>
      </object_component>
      <object_component id="oc-88e">
         <name>.bss</name>
         <uninitialized>true</uninitialized>
         <run_address>0x222c</run_address>
         <size>0x8</size>
         <input_file_ref idref="fl-10"/>
      </object_component>
      <object_component id="oc-7b1">
         <name>.bss:xPendingReadyList</name>
         <uninitialized>true</uninitialized>
         <run_address>0x21fc</run_address>
         <size>0x10</size>
         <input_file_ref idref="fl-10"/>
      </object_component>
      <object_component id="oc-aef">
         <name>.bss:xTasksWaitingTermination</name>
         <uninitialized>true</uninitialized>
         <run_address>0x221c</run_address>
         <size>0x10</size>
         <input_file_ref idref="fl-10"/>
      </object_component>
      <object_component id="oc-ad8">
         <name>.bss:xSuspendedTaskList</name>
         <uninitialized>true</uninitialized>
         <run_address>0x220c</run_address>
         <size>0x10</size>
         <input_file_ref idref="fl-10"/>
      </object_component>
      <object_component id="oc-af7">
         <name>.bss:xActiveTimerList1</name>
         <uninitialized>true</uninitialized>
         <run_address>0x21bc</run_address>
         <size>0x10</size>
         <input_file_ref idref="fl-11"/>
      </object_component>
      <object_component id="oc-afa">
         <name>.bss:xActiveTimerList2</name>
         <uninitialized>true</uninitialized>
         <run_address>0x21cc</run_address>
         <size>0x10</size>
         <input_file_ref idref="fl-11"/>
      </object_component>
      <object_component id="oc-afd">
         <name>.bss</name>
         <uninitialized>true</uninitialized>
         <run_address>0x2234</run_address>
         <size>0x8</size>
         <input_file_ref idref="fl-11"/>
      </object_component>
      <object_component id="oc-b01">
         <name>.bss:xStaticTimerQueue$2</name>
         <uninitialized>true</uninitialized>
         <run_address>0x2184</run_address>
         <size>0x38</size>
         <input_file_ref idref="fl-11"/>
      </object_component>
      <object_component id="oc-b00">
         <name>.bss:ucStaticTimerQueueStorage$3</name>
         <uninitialized>true</uninitialized>
         <run_address>0x207e</run_address>
         <size>0x46</size>
         <input_file_ref idref="fl-11"/>
      </object_component>
      <object_component id="oc-767">
         <name>.common:TxBufferInternal</name>
         <uninitialized>true</uninitialized>
         <run_address>0x2104</run_address>
         <size>0x40</size>
      </object_component>
      <object_component id="oc-771">
         <name>.common:RxBufferInternal</name>
         <uninitialized>true</uninitialized>
         <run_address>0x20c4</run_address>
         <size>0x40</size>
      </object_component>
      <object_component id="oc-816">
         <name>.common:echoTask</name>
         <uninitialized>true</uninitialized>
         <run_address>0x223c</run_address>
         <size>0x4</size>
      </object_component>
      <object_component id="oc-808">
         <name>.common:echoTaskControlBuffer</name>
         <uninitialized>true</uninitialized>
         <run_address>0x2036</run_address>
         <size>0x48</size>
      </object_component>
      <object_component id="oc-807">
         <name>.common:echoTaskStack</name>
         <uninitialized>true</uninitialized>
         <run_address>0x1c00</run_address>
         <size>0x258</size>
      </object_component>
      <object_component id="oc-8e2">
         <name>.common:receivedBytes</name>
         <uninitialized>true</uninitialized>
         <run_address>0x2144</run_address>
         <size>0x40</size>
      </object_component>
      <object_component id="oc-782">
         <name>.data</name>
         <load_address>0x2268</load_address>
         <run_address>0x2268</run_address>
         <size>0x2</size>
         <input_file_ref idref="fl-c"/>
      </object_component>
      <object_component id="oc-785">
         <name>.data</name>
         <load_address>0x2240</load_address>
         <run_address>0x2240</run_address>
         <size>0x1e</size>
         <input_file_ref idref="fl-10"/>
      </object_component>
      <object_component id="oc-9fd">
         <name>.data</name>
         <load_address>0x225e</load_address>
         <run_address>0x225e</run_address>
         <size>0xa</size>
         <input_file_ref idref="fl-11"/>
      </object_component>
      <object_component id="oc-69c">
         <name>.stack</name>
         <uninitialized>true</uninitialized>
         <run_address>0x2b60</run_address>
         <size>0x4</size>
         <input_file_ref idref="fl-7b"/>
      </object_component>
      <object_component id="oc-cb5">
         <name>.stack</name>
         <uninitialized>true</uninitialized>
         <run_address>0x2b60</run_address>
         <size>0x0</size>
      </object_component>
      <object_component id="oc-90">
         <name>.int18</name>
         <load_address>0xffb4</load_address>
         <run_address>0xffb4</run_address>
         <size>0x2</size>
         <input_file_ref idref="fl-3a"/>
      </object_component>
      <object_component id="oc-91">
         <name>.int19</name>
         <load_address>0xffb6</load_address>
         <run_address>0xffb6</run_address>
         <size>0x2</size>
         <input_file_ref idref="fl-3c"/>
      </object_component>
      <object_component id="oc-92">
         <name>.int20</name>
         <load_address>0xffb8</load_address>
         <run_address>0xffb8</run_address>
         <size>0x2</size>
         <input_file_ref idref="fl-3d"/>
      </object_component>
      <object_component id="oc-93">
         <name>.int21</name>
         <load_address>0xffba</load_address>
         <run_address>0xffba</run_address>
         <size>0x2</size>
         <input_file_ref idref="fl-3e"/>
      </object_component>
      <object_component id="oc-94">
         <name>.int22</name>
         <load_address>0xffbc</load_address>
         <run_address>0xffbc</run_address>
         <size>0x2</size>
         <input_file_ref idref="fl-3f"/>
      </object_component>
      <object_component id="oc-95">
         <name>.int23</name>
         <load_address>0xffbe</load_address>
         <run_address>0xffbe</run_address>
         <size>0x2</size>
         <input_file_ref idref="fl-40"/>
      </object_component>
      <object_component id="oc-96">
         <name>.int24</name>
         <load_address>0xffc0</load_address>
         <run_address>0xffc0</run_address>
         <size>0x2</size>
         <input_file_ref idref="fl-41"/>
      </object_component>
      <object_component id="oc-97">
         <name>.int25</name>
         <load_address>0xffc2</load_address>
         <run_address>0xffc2</run_address>
         <size>0x2</size>
         <input_file_ref idref="fl-42"/>
      </object_component>
      <object_component id="oc-98">
         <name>.int26</name>
         <load_address>0xffc4</load_address>
         <run_address>0xffc4</run_address>
         <size>0x2</size>
         <input_file_ref idref="fl-43"/>
      </object_component>
      <object_component id="oc-99">
         <name>.int27</name>
         <load_address>0xffc6</load_address>
         <run_address>0xffc6</run_address>
         <size>0x2</size>
         <input_file_ref idref="fl-44"/>
      </object_component>
      <object_component id="oc-9a">
         <name>.int28</name>
         <load_address>0xffc8</load_address>
         <run_address>0xffc8</run_address>
         <size>0x2</size>
         <input_file_ref idref="fl-45"/>
      </object_component>
      <object_component id="oc-9b">
         <name>.int29</name>
         <load_address>0xffca</load_address>
         <run_address>0xffca</run_address>
         <size>0x2</size>
         <input_file_ref idref="fl-46"/>
      </object_component>
      <object_component id="oc-9c">
         <name>.int30</name>
         <load_address>0xffcc</load_address>
         <run_address>0xffcc</run_address>
         <size>0x2</size>
         <input_file_ref idref="fl-47"/>
      </object_component>
      <object_component id="oc-9d">
         <name>.int31</name>
         <load_address>0xffce</load_address>
         <run_address>0xffce</run_address>
         <size>0x2</size>
         <input_file_ref idref="fl-48"/>
      </object_component>
      <object_component id="oc-9e">
         <name>.int32</name>
         <load_address>0xffd0</load_address>
         <run_address>0xffd0</run_address>
         <size>0x2</size>
         <input_file_ref idref="fl-49"/>
      </object_component>
      <object_component id="oc-9f">
         <name>.int33</name>
         <load_address>0xffd2</load_address>
         <run_address>0xffd2</run_address>
         <size>0x2</size>
         <input_file_ref idref="fl-4a"/>
      </object_component>
      <object_component id="oc-a0">
         <name>.int34</name>
         <load_address>0xffd4</load_address>
         <run_address>0xffd4</run_address>
         <size>0x2</size>
         <input_file_ref idref="fl-4b"/>
      </object_component>
      <object_component id="oc-a1">
         <name>.int35</name>
         <load_address>0xffd6</load_address>
         <run_address>0xffd6</run_address>
         <size>0x2</size>
         <input_file_ref idref="fl-4c"/>
      </object_component>
      <object_component id="oc-a2">
         <name>.int36</name>
         <load_address>0xffd8</load_address>
         <run_address>0xffd8</run_address>
         <size>0x2</size>
         <input_file_ref idref="fl-4d"/>
      </object_component>
      <object_component id="oc-a3">
         <name>.int37</name>
         <load_address>0xffda</load_address>
         <run_address>0xffda</run_address>
         <size>0x2</size>
         <input_file_ref idref="fl-4e"/>
      </object_component>
      <object_component id="oc-a4">
         <name>.int38</name>
         <load_address>0xffdc</load_address>
         <run_address>0xffdc</run_address>
         <size>0x2</size>
         <input_file_ref idref="fl-4f"/>
      </object_component>
      <object_component id="oc-a5">
         <name>.int39</name>
         <load_address>0xffde</load_address>
         <run_address>0xffde</run_address>
         <size>0x2</size>
         <input_file_ref idref="fl-50"/>
      </object_component>
      <object_component id="oc-a6">
         <name>.int40</name>
         <load_address>0xffe0</load_address>
         <run_address>0xffe0</run_address>
         <size>0x2</size>
         <input_file_ref idref="fl-51"/>
      </object_component>
      <object_component id="oc-a7">
         <name>.int41</name>
         <load_address>0xffe2</load_address>
         <run_address>0xffe2</run_address>
         <size>0x2</size>
         <input_file_ref idref="fl-52"/>
      </object_component>
      <object_component id="oc-a8">
         <name>.int42</name>
         <load_address>0xffe4</load_address>
         <run_address>0xffe4</run_address>
         <size>0x2</size>
         <input_file_ref idref="fl-53"/>
      </object_component>
      <object_component id="oc-a9">
         <name>.int43</name>
         <load_address>0xffe6</load_address>
         <run_address>0xffe6</run_address>
         <size>0x2</size>
         <input_file_ref idref="fl-54"/>
      </object_component>
      <object_component id="oc-aa">
         <name>.int44</name>
         <load_address>0xffe8</load_address>
         <run_address>0xffe8</run_address>
         <size>0x2</size>
         <input_file_ref idref="fl-55"/>
      </object_component>
      <object_component id="oc-ab">
         <name>.int45</name>
         <load_address>0xffea</load_address>
         <run_address>0xffea</run_address>
         <size>0x2</size>
         <input_file_ref idref="fl-c"/>
      </object_component>
      <object_component id="oc-ac">
         <name>.int46</name>
         <load_address>0xffec</load_address>
         <run_address>0xffec</run_address>
         <size>0x2</size>
         <input_file_ref idref="fl-56"/>
      </object_component>
      <object_component id="oc-ad">
         <name>.int47</name>
         <load_address>0xffee</load_address>
         <run_address>0xffee</run_address>
         <size>0x2</size>
         <input_file_ref idref="fl-57"/>
      </object_component>
      <object_component id="oc-ae">
         <name>.int48</name>
         <load_address>0xfff0</load_address>
         <run_address>0xfff0</run_address>
         <size>0x2</size>
         <input_file_ref idref="fl-2"/>
      </object_component>
      <object_component id="oc-af">
         <name>.int49</name>
         <load_address>0xfff2</load_address>
         <run_address>0xfff2</run_address>
         <size>0x2</size>
         <input_file_ref idref="fl-58"/>
      </object_component>
      <object_component id="oc-b0">
         <name>.int50</name>
         <load_address>0xfff4</load_address>
         <run_address>0xfff4</run_address>
         <size>0x2</size>
         <input_file_ref idref="fl-59"/>
      </object_component>
      <object_component id="oc-b1">
         <name>.int51</name>
         <load_address>0xfff6</load_address>
         <run_address>0xfff6</run_address>
         <size>0x2</size>
         <input_file_ref idref="fl-5a"/>
      </object_component>
      <object_component id="oc-b2">
         <name>.int52</name>
         <load_address>0xfff8</load_address>
         <run_address>0xfff8</run_address>
         <size>0x2</size>
         <input_file_ref idref="fl-5b"/>
      </object_component>
      <object_component id="oc-b3">
         <name>.int53</name>
         <load_address>0xfffa</load_address>
         <run_address>0xfffa</run_address>
         <size>0x2</size>
         <input_file_ref idref="fl-5c"/>
      </object_component>
      <object_component id="oc-b4">
         <name>.int54</name>
         <load_address>0xfffc</load_address>
         <run_address>0xfffc</run_address>
         <size>0x2</size>
         <input_file_ref idref="fl-5d"/>
      </object_component>
      <object_component id="oc-69f">
         <name>.reset</name>
         <load_address>0xfffe</load_address>
         <run_address>0xfffe</run_address>
         <size>0x2</size>
         <input_file_ref idref="fl-7b"/>
      </object_component>
      <object_component id="oc-732">
         <name>.debug_info</name>
         <load_address>0x0</load_address>
         <run_address>0x0</run_address>
         <size>0xd5b</size>
         <input_file_ref idref="fl-2"/>
      </object_component>
      <object_component id="oc-765">
         <name>.debug_info</name>
         <load_address>0xd5b</load_address>
         <run_address>0xd5b</run_address>
         <size>0xef</size>
         <input_file_ref idref="fl-2"/>
      </object_component>
      <object_component id="oc-76f">
         <name>.debug_info</name>
         <load_address>0xe4a</load_address>
         <run_address>0xe4a</run_address>
         <size>0xef</size>
         <input_file_ref idref="fl-2"/>
      </object_component>
      <object_component id="oc-724">
         <name>.debug_info</name>
         <load_address>0xf39</load_address>
         <run_address>0xf39</run_address>
         <size>0xeb</size>
         <input_file_ref idref="fl-2"/>
      </object_component>
      <object_component id="oc-749">
         <name>.debug_info</name>
         <load_address>0x1024</load_address>
         <run_address>0x1024</run_address>
         <size>0x147</size>
         <input_file_ref idref="fl-2"/>
      </object_component>
      <object_component id="oc-706">
         <name>.debug_info</name>
         <load_address>0x116b</load_address>
         <run_address>0x116b</run_address>
         <size>0x1b3</size>
         <input_file_ref idref="fl-2"/>
      </object_component>
      <object_component id="oc-80a">
         <name>.debug_info</name>
         <load_address>0x131e</load_address>
         <run_address>0x131e</run_address>
         <size>0x222</size>
         <input_file_ref idref="fl-2"/>
      </object_component>
      <object_component id="oc-6c4">
         <name>.debug_info</name>
         <load_address>0x1540</load_address>
         <run_address>0x1540</run_address>
         <size>0x203</size>
         <input_file_ref idref="fl-2"/>
      </object_component>
      <object_component id="oc-7e1">
         <name>.debug_info</name>
         <load_address>0x1743</load_address>
         <run_address>0x1743</run_address>
         <size>0x5a5</size>
         <input_file_ref idref="fl-2"/>
      </object_component>
      <object_component id="oc-7e6">
         <name>.debug_info</name>
         <load_address>0x1ce8</load_address>
         <run_address>0x1ce8</run_address>
         <size>0x94</size>
         <input_file_ref idref="fl-2"/>
      </object_component>
      <object_component id="oc-7cd">
         <name>.debug_info</name>
         <load_address>0x1d7c</load_address>
         <run_address>0x1d7c</run_address>
         <size>0x4f</size>
         <input_file_ref idref="fl-2"/>
      </object_component>
      <object_component id="oc-8d1">
         <name>.debug_info</name>
         <load_address>0x1dcb</load_address>
         <run_address>0x1dcb</run_address>
         <size>0x2c</size>
         <input_file_ref idref="fl-2"/>
      </object_component>
      <object_component id="oc-7eb">
         <name>.debug_info</name>
         <load_address>0x1df7</load_address>
         <run_address>0x1df7</run_address>
         <size>0x246</size>
         <input_file_ref idref="fl-2"/>
      </object_component>
      <object_component id="oc-79d">
         <name>.debug_info</name>
         <load_address>0x203d</load_address>
         <run_address>0x203d</run_address>
         <size>0x3ba</size>
         <input_file_ref idref="fl-2"/>
      </object_component>
      <object_component id="oc-7c8">
         <name>.debug_info</name>
         <load_address>0x23f7</load_address>
         <run_address>0x23f7</run_address>
         <size>0x8b</size>
         <input_file_ref idref="fl-2"/>
      </object_component>
      <object_component id="oc-a79">
         <name>.debug_info</name>
         <load_address>0x2482</load_address>
         <run_address>0x2482</run_address>
         <size>0x2c</size>
         <input_file_ref idref="fl-2"/>
      </object_component>
      <object_component id="oc-7d7">
         <name>.debug_info</name>
         <load_address>0x24ae</load_address>
         <run_address>0x24ae</run_address>
         <size>0x2c</size>
         <input_file_ref idref="fl-2"/>
      </object_component>
      <object_component id="oc-7ff">
         <name>.debug_info</name>
         <load_address>0x24da</load_address>
         <run_address>0x24da</run_address>
         <size>0x275</size>
         <input_file_ref idref="fl-2"/>
      </object_component>
      <object_component id="oc-735">
         <name>.debug_info</name>
         <load_address>0x274f</load_address>
         <run_address>0x274f</run_address>
         <size>0xbb</size>
         <input_file_ref idref="fl-2"/>
      </object_component>
      <object_component id="oc-7f0">
         <name>.debug_info</name>
         <load_address>0x280a</load_address>
         <run_address>0x280a</run_address>
         <size>0x2a1</size>
         <input_file_ref idref="fl-2"/>
      </object_component>
      <object_component id="oc-7dc">
         <name>.debug_info</name>
         <load_address>0x2aab</load_address>
         <run_address>0x2aab</run_address>
         <size>0x53</size>
         <input_file_ref idref="fl-2"/>
      </object_component>
      <object_component id="oc-7d2">
         <name>.debug_info</name>
         <load_address>0x2afe</load_address>
         <run_address>0x2afe</run_address>
         <size>0x3d0</size>
         <input_file_ref idref="fl-2"/>
      </object_component>
      <object_component id="oc-7c3">
         <name>.debug_info</name>
         <load_address>0x2ece</load_address>
         <run_address>0x2ece</run_address>
         <size>0x46</size>
         <input_file_ref idref="fl-2"/>
      </object_component>
      <object_component id="oc-7f5">
         <name>.debug_info</name>
         <load_address>0x2f14</load_address>
         <run_address>0x2f14</run_address>
         <size>0x274</size>
         <input_file_ref idref="fl-2"/>
      </object_component>
      <object_component id="oc-7fa">
         <name>.debug_info</name>
         <load_address>0x3188</load_address>
         <run_address>0x3188</run_address>
         <size>0x1e2</size>
         <input_file_ref idref="fl-2"/>
      </object_component>
      <object_component id="oc-9e8">
         <name>.debug_info</name>
         <load_address>0x336a</load_address>
         <run_address>0x336a</run_address>
         <size>0x726</size>
         <input_file_ref idref="fl-3"/>
      </object_component>
      <object_component id="oc-795">
         <name>.debug_info</name>
         <load_address>0x3a90</load_address>
         <run_address>0x3a90</run_address>
         <size>0x24a</size>
         <input_file_ref idref="fl-3"/>
      </object_component>
      <object_component id="oc-a04">
         <name>.debug_info</name>
         <load_address>0x3cda</load_address>
         <run_address>0x3cda</run_address>
         <size>0x3ce</size>
         <input_file_ref idref="fl-3"/>
[...]
         <object_component_ref idref="oc-78e"/>
      </symbol>
      <symbol id="sm-b11">
         <name>xTaskGetSchedulerState</name>
         <value>0x134c8</value>
         <object_component_ref idref="oc-a41"/>
      </symbol>
      <symbol id="sm-b12">
         <name>xTaskGetCurrentTaskHandle</name>
         <value>0x135d4</value>
         <object_component_ref idref="oc-9bd"/>
      </symbol>
      <symbol id="sm-b13">
         <name>xTaskRemoveFromEventList</name>
         <value>0x127b6</value>
         <object_component_ref idref="oc-a6b"/>
      </symbol>
      <symbol id="sm-bcb">
         <name>xTimerCreateTimerTask</name>
         <value>0x1239a</value>
         <object_component_ref idref="oc-916"/>
      </symbol>
      <symbol id="sm-bcc">
         <name>xTimerGenericCommand</name>
         <value>0x129a2</value>
         <object_component_ref idref="oc-bb6"/>
      </symbol>
      <symbol id="sm-bef">
         <name>__TI_decompress_lzss</name>
         <value>0x1292c</value>
         <object_component_ref idref="oc-84"/>
      </symbol>
      <symbol id="sm-c00">
         <name>__TI_decompress_none</name>
         <value>0x1354c</value>
         <object_component_ref idref="oc-8a"/>
      </symbol>
      <symbol id="sm-c03">
         <name>__TI_int18</name>
         <value>0xffb4</value>
         <object_component_ref idref="oc-90"/>
      </symbol>
      <symbol id="sm-c0b">
         <name>__TI_ISR_TRAP</name>
         <value>0x4910</value>
         <object_component_ref idref="oc-6b8"/>
      </symbol>
      <symbol id="sm-c0e">
         <name>__TI_int19</name>
         <value>0xffb6</value>
         <object_component_ref idref="oc-91"/>
      </symbol>
      <symbol id="sm-c11">
         <name>__TI_int20</name>
         <value>0xffb8</value>
         <object_component_ref idref="oc-92"/>
      </symbol>
      <symbol id="sm-c14">
         <name>__TI_int21</name>
         <value>0xffba</value>
         <object_component_ref idref="oc-93"/>
      </symbol>
      <symbol id="sm-c17">
         <name>__TI_int22</name>
         <value>0xffbc</value>
         <object_component_ref idref="oc-94"/>
      </symbol>
      <symbol id="sm-c1a">
         <name>__TI_int23</name>
         <value>0xffbe</value>
         <object_component_ref idref="oc-95"/>
      </symbol>
      <symbol id="sm-c1d">
         <name>__TI_int24</name>
         <value>0xffc0</value>
         <object_component_ref idref="oc-96"/>
      </symbol>
      <symbol id="sm-c20">
         <name>__TI_int25</name>
         <value>0xffc2</value>
         <object_component_ref idref="oc-97"/>
      </symbol>
      <symbol id="sm-c23">
         <name>__TI_int26</name>
         <value>0xffc4</value>
         <object_component_ref idref="oc-98"/>
      </symbol>
      <symbol id="sm-c26">
         <name>__TI_int27</name>
         <value>0xffc6</value>
         <object_component_ref idref="oc-99"/>
      </symbol>
      <symbol id="sm-c29">
         <name>__TI_int28</name>
         <value>0xffc8</value>
         <object_component_ref idref="oc-9a"/>
      </symbol>
      <symbol id="sm-c2c">
         <name>__TI_int29</name>
         <value>0xffca</value>
         <object_component_ref idref="oc-9b"/>
      </symbol>
      <symbol id="sm-c2f">
         <name>__TI_int30</name>
         <value>0xffcc</value>
         <object_component_ref idref="oc-9c"/>
      </symbol>
      <symbol id="sm-c32">
         <name>__TI_int31</name>
         <value>0xffce</value>
         <object_component_ref idref="oc-9d"/>
      </symbol>
      <symbol id="sm-c35">
         <name>__TI_int32</name>
         <value>0xffd0</value>
         <object_component_ref idref="oc-9e"/>
      </symbol>
      <symbol id="sm-c38">
         <name>__TI_int33</name>
         <value>0xffd2</value>
         <object_component_ref idref="oc-9f"/>
      </symbol>
      <symbol id="sm-c3b">
         <name>__TI_int34</name>
         <value>0xffd4</value>
         <object_component_ref idref="oc-a0"/>
      </symbol>
      <symbol id="sm-c3e">
         <name>__TI_int35</name>
         <value>0xffd6</value>
         <object_component_ref idref="oc-a1"/>
      </symbol>
      <symbol id="sm-c41">
         <name>__TI_int36</name>
         <value>0xffd8</value>
         <object_component_ref idref="oc-a2"/>
      </symbol>
      <symbol id="sm-c44">
         <name>__TI_int37</name>
         <value>0xffda</value>
         <object_component_ref idref="oc-a3"/>
      </symbol>
      <symbol id="sm-c47">
         <name>__TI_int38</name>
         <value>0xffdc</value>
         <object_component_ref idref="oc-a4"/>
      </symbol>
      <symbol id="sm-c4a">
         <name>__TI_int39</name>
         <value>0xffde</value>
         <object_component_ref idref="oc-a5"/>
      </symbol>
      <symbol id="sm-c4d">
         <name>__TI_int40</name>
         <value>0xffe0</value>
         <object_component_ref idref="oc-a6"/>
      </symbol>
      <symbol id="sm-c50">
         <name>__TI_int41</name>
         <value>0xffe2</value>
         <object_component_ref idref="oc-a7"/>
      </symbol>
      <symbol id="sm-c53">
         <name>__TI_int42</name>
         <value>0xffe4</value>
         <object_component_ref idref="oc-a8"/>
      </symbol>
      <symbol id="sm-c56">
         <name>__TI_int43</name>
         <value>0xffe6</value>
         <object_component_ref idref="oc-a9"/>
      </symbol>
      <symbol id="sm-c59">
         <name>__TI_int44</name>
         <value>0xffe8</value>
         <object_component_ref idref="oc-aa"/>
      </symbol>
      <symbol id="sm-c5c">
         <name>__TI_int46</name>
         <value>0xffec</value>
         <object_component_ref idref="oc-ac"/>
      </symbol>
      <symbol id="sm-c5f">
         <name>__TI_int47</name>
         <value>0xffee</value>
         <object_component_ref idref="oc-ad"/>
      </symbol>
      <symbol id="sm-c62">
         <name>__TI_int49</name>
         <value>0xfff2</value>
         <object_component_ref idref="oc-af"/>
      </symbol>
      <symbol id="sm-c65">
         <name>__TI_int50</name>
         <value>0xfff4</value>
         <object_component_ref idref="oc-b0"/>
      </symbol>
      <symbol id="sm-c68">
         <name>__TI_int51</name>
         <value>0xfff6</value>
         <object_component_ref idref="oc-b1"/>
      </symbol>
      <symbol id="sm-c6b">
         <name>__TI_int52</name>
         <value>0xfff8</value>
         <object_component_ref idref="oc-b2"/>
      </symbol>
      <symbol id="sm-c6e">
         <name>__TI_int53</name>
         <value>0xfffa</value>
         <object_component_ref idref="oc-b3"/>
      </symbol>
      <symbol id="sm-c71">
         <name>__TI_int54</name>
         <value>0xfffc</value>
         <object_component_ref idref="oc-b4"/>
      </symbol>
      <symbol id="sm-c84">
         <name>__TI_zero_init</name>
         <value>0x13366</value>
         <object_component_ref idref="oc-6cf"/>
      </symbol>
      <symbol id="sm-ca3">
         <name>__mspabi_cmpd</name>
         <value>0x118f2</value>
         <object_component_ref idref="oc-aca"/>
      </symbol>
      <symbol id="sm-cc4">
         <name>__mspabi_divd</name>
         <value>0x11126</value>
         <object_component_ref idref="oc-aa9"/>
      </symbol>
      <symbol id="sm-cdf">
         <name>__TI_frcdivd</name>
         <value>0x10000</value>
         <object_component_ref idref="oc-b67"/>
      </symbol>
      <symbol id="sm-ce9">
         <name>__mspabi_remu</name>
         <value>0x13522</value>
         <object_component_ref idref="oc-72c"/>
      </symbol>
      <symbol id="sm-cea">
         <name>__mspabi_divu</name>
         <value>0x13522</value>
         <object_component_ref idref="oc-72c"/>
      </symbol>
      <symbol id="sm-cf8">
         <name>__mspabi_remul</name>
         <value>0x12e40</value>
         <object_component_ref idref="oc-a98"/>
      </symbol>
      <symbol id="sm-cf9">
         <name>__mspabi_divul</name>
         <value>0x12e40</value>
         <object_component_ref idref="oc-a98"/>
      </symbol>
      <symbol id="sm-d06">
         <name>__mspabi_fixdi</name>
         <value>0x1327a</value>
         <object_component_ref idref="oc-abb"/>
      </symbol>
      <symbol id="sm-d15">
         <name>__mspabi_fixdli</name>
         <value>0x12d1a</value>
         <object_component_ref idref="oc-b77"/>
      </symbol>
      <symbol id="sm-d1e">
         <name>__mspabi_fltid</name>
         <value>0x1359c</value>
         <object_component_ref idref="oc-ac1"/>
      </symbol>
      <symbol id="sm-d36">
         <name>__mspabi_fltlid</name>
         <value>0x11f7e</value>
         <object_component_ref idref="oc-b7e"/>
      </symbol>
      <symbol id="sm-d3f">
         <name>__mspabi_fltud</name>
         <value>0x135bc</value>
         <object_component_ref idref="oc-aaf"/>
      </symbol>
      <symbol id="sm-d54">
         <name>__mspabi_fltuld</name>
         <value>0x12736</value>
         <object_component_ref idref="oc-a9d"/>
      </symbol>
      <symbol id="sm-d75">
         <name>__mspabi_mpyd</name>
         <value>0x10c78</value>
         <object_component_ref idref="oc-aa3"/>
      </symbol>
      <symbol id="sm-d85">
         <name>__TI_frcmpyd</name>
         <value>0x109f8</value>
         <object_component_ref idref="oc-b5a"/>
      </symbol>
      <symbol id="sm-d8e">
         <name>__mspabi_mpyi_f5hw</name>
         <value>0x134b0</value>
         <object_component_ref idref="oc-874"/>
      </symbol>
      <symbol id="sm-d97">
         <name>__mspabi_mpyl_f5hw</name>
         <value>0x133d2</value>
         <object_component_ref idref="oc-bce"/>
      </symbol>
      <symbol id="sm-daa">
         <name>__mspabi_slll_9</name>
         <value>0x13062</value>
         <object_component_ref idref="oc-a93"/>
      </symbol>
      <symbol id="sm-dab">
         <name>__mspabi_slll_8</name>
         <value>0x13066</value>
         <object_component_ref idref="oc-a93"/>
      </symbol>
      <symbol id="sm-dac">
         <name>__mspabi_slll_7</name>
         <value>0x1306a</value>
         <object_component_ref idref="oc-a93"/>
      </symbol>
      <symbol id="sm-dad">
         <name>__mspabi_slll_6</name>
         <value>0x1306e</value>
         <object_component_ref idref="oc-a93"/>
      </symbol>
      <symbol id="sm-dae">
         <name>__mspabi_slll_5</name>
         <value>0x13072</value>
         <object_component_ref idref="oc-a93"/>
      </symbol>
      <symbol id="sm-daf">
         <name>__mspabi_slll_4</name>
         <value>0x13076</value>
         <object_component_ref idref="oc-a93"/>
      </symbol>
      <symbol id="sm-db0">
         <name>__mspabi_slll_3</name>
         <value>0x1307a</value>
         <object_component_ref idref="oc-a93"/>
      </symbol>
      <symbol id="sm-db1">
         <name>__mspabi_slll_2</name>
         <value>0x1307e</value>
         <object_component_ref idref="oc-a93"/>
      </symbol>
      <symbol id="sm-db2">
         <name>__mspabi_slll_1</name>
         <value>0x13082</value>
         <object_component_ref idref="oc-a93"/>
      </symbol>
      <symbol id="sm-db3">
         <name>__mspabi_slll</name>
         <value>0x1356e</value>
         <object_component_ref idref="oc-c1a"/>
      </symbol>
      <symbol id="sm-db4">
         <name>__mspabi_slll_15</name>
         <value>0x1304a</value>
         <object_component_ref idref="oc-a93"/>
      </symbol>
      <symbol id="sm-db5">
         <name>__mspabi_slll_14</name>
         <value>0x1304e</value>
         <object_component_ref idref="oc-a93"/>
      </symbol>
      <symbol id="sm-db6">
         <name>__mspabi_slll_13</name>
         <value>0x13052</value>
         <object_component_ref idref="oc-a93"/>
      </symbol>
      <symbol id="sm-db7">
         <name>__mspabi_slll_12</name>
         <value>0x13056</value>
         <object_component_ref idref="oc-a93"/>
      </symbol>
      <symbol id="sm-db8">
         <name>__mspabi_slll_11</name>
         <value>0x1305a</value>
         <object_component_ref idref="oc-a93"/>
      </symbol>
      <symbol id="sm-db9">
         <name>__mspabi_slll_10</name>
         <value>0x1305e</value>
         <object_component_ref idref="oc-a93"/>
      </symbol>
      <symbol id="sm-dc9">
         <name>__mspabi_sral</name>
         <value>0x1355e</value>
         <object_component_ref idref="oc-c1f"/>
      </symbol>
      <symbol id="sm-dca">
         <name>__mspabi_sral_15</name>
         <value>0x1300c</value>
         <object_component_ref idref="oc-bc9"/>
      </symbol>
      <symbol id="sm-dcb">
         <name>__mspabi_sral_14</name>
         <value>0x13010</value>
         <object_component_ref idref="oc-bc9"/>
      </symbol>
      <symbol id="sm-dcc">
         <name>__mspabi_sral_13</name>
         <value>0x13014</value>
         <object_component_ref idref="oc-bc9"/>
      </symbol>
      <symbol id="sm-dcd">
         <name>__mspabi_sral_12</name>
         <value>0x13018</value>
         <object_component_ref idref="oc-bc9"/>
      </symbol>
      <symbol id="sm-dce">
         <name>__mspabi_sral_11</name>
         <value>0x1301c</value>
         <object_component_ref idref="oc-bc9"/>
      </symbol>
      <symbol id="sm-dcf">
         <name>__mspabi_sral_10</name>
         <value>0x13020</value>
         <object_component_ref idref="oc-bc9"/>
      </symbol>
      <symbol id="sm-dd0">
         <name>__mspabi_sral_8</name>
         <value>0x13028</value>
         <object_component_ref idref="oc-bc9"/>
      </symbol>
      <symbol id="sm-dd1">
         <name>__mspabi_sral_9</name>
         <value>0x13024</value>
         <object_component_ref idref="oc-bc9"/>
      </symbol>
      <symbol id="sm-dd2">
         <name>__mspabi_sral_6</name>
         <value>0x13030</value>
         <object_component_ref idref="oc-bc9"/>
      </symbol>
      <symbol id="sm-dd3">
         <name>__mspabi_sral_7</name>
         <value>0x1302c</value>
         <object_component_ref idref="oc-bc9"/>
      </symbol>
      <symbol id="sm-dd4">
         <name>__mspabi_sral_4</name>
         <value>0x13038</value>
         <object_component_ref idref="oc-bc9"/>
      </symbol>
      <symbol id="sm-dd5">
         <name>__mspabi_sral_5</name>
         <value>0x13034</value>
         <object_component_ref idref="oc-bc9"/>
      </symbol>
      <symbol id="sm-dd6">
         <name>__mspabi_sral_2</name>
         <value>0x13040</value>
         <object_component_ref idref="oc-bc9"/>
      </symbol>
      <symbol id="sm-dd7">
         <name>__mspabi_sral_3</name>
         <value>0x1303c</value>
         <object_component_ref idref="oc-bc9"/>
      </symbol>
      <symbol id="sm-dd8">
         <name>__mspabi_sral_1</name>
         <value>0x13044</value>
         <object_component_ref idref="oc-bc9"/>
      </symbol>
      <symbol id="sm-de8">
         <name>__mspabi_srll_8</name>
         <value>0x130a4</value>
         <object_component_ref idref="oc-b53"/>
      </symbol>
      <symbol id="sm-de9">
         <name>__mspabi_srll_9</name>
         <value>0x130a0</value>
         <object_component_ref idref="oc-b53"/>
      </symbol>
      <symbol id="sm-dea">
         <name>__mspabi_srll_6</name>
         <value>0x130ac</value>
         <object_component_ref idref="oc-b53"/>
      </symbol>
      <symbol id="sm-deb">
         <name>__mspabi_srll_7</name>
         <value>0x130a8</value>
         <object_component_ref idref="oc-b53"/>
      </symbol>
      <symbol id="sm-dec">
         <name>__mspabi_srll_4</name>
         <value>0x130b4</value>
         <object_component_ref idref="oc-b53"/>
      </symbol>
      <symbol id="sm-ded">
         <name>__mspabi_srll_5</name>
         <value>0x130b0</value>
         <object_component_ref idref="oc-b53"/>
      </symbol>
      <symbol id="sm-dee">
         <name>__mspabi_srll_2</name>
         <value>0x130bc</value>
         <object_component_ref idref="oc-b53"/>
      </symbol>
      <symbol id="sm-def">
         <name>__mspabi_srll_3</name>
         <value>0x130b8</value>
         <object_component_ref idref="oc-b53"/>
      </symbol>
      <symbol id="sm-df0">
         <name>__mspabi_srll_1</name>
         <value>0x130c0</value>
         <object_component_ref idref="oc-b53"/>
      </symbol>
      <symbol id="sm-df1">
         <name>__mspabi_srll_15</name>
         <value>0x13088</value>
         <object_component_ref idref="oc-b53"/>
      </symbol>
      <symbol id="sm-df2">
         <name>__mspabi_srll_14</name>
         <value>0x1308c</value>
         <object_component_ref idref="oc-b53"/>
      </symbol>
      <symbol id="sm-df3">
         <name>__mspabi_srll_13</name>
         <value>0x13090</value>
         <object_component_ref idref="oc-b53"/>
      </symbol>
      <symbol id="sm-df4">
         <name>__mspabi_srll_12</name>
         <value>0x13094</value>
         <object_component_ref idref="oc-b53"/>
      </symbol>
      <symbol id="sm-df5">
         <name>__mspabi_srll_11</name>
         <value>0x13098</value>
         <object_component_ref idref="oc-b53"/>
      </symbol>
      <symbol id="sm-df6">
         <name>__mspabi_srll_10</name>
         <value>0x1309c</value>
         <object_component_ref idref="oc-b53"/>
      </symbol>
      <symbol id="sm-df7">
         <name>__mspabi_srll</name>
         <value>0x1357e</value>
         <object_component_ref idref="oc-be3"/>
      </symbol>
      <symbol id="sm-e01">
         <name>__mspabi_subd</name>
         <value>0x13134</value>
         <object_component_ref idref="oc-ab5"/>
      </symbol>
      <symbol id="sm-e23">
         <name>__mspabi_addd</name>
         <value>0x10466</value>
         <object_component_ref idref="oc-b70"/>
      </symbol>
      <symbol id="sm-e44">
         <name>__TI_frcaddd</name>
         <value>0x10ede</value>
         <object_component_ref idref="oc-bdb"/>
      </symbol>
      <symbol id="sm-e58">
         <name>__TI_renormd</name>
         <value>0x11c30</value>
         <object_component_ref idref="oc-c24"/>
      </symbol>
      <symbol id="sm-e68">
         <name>_c_int00_noargs_mpu</name>
         <value>0x48e0</value>
         <object_component_ref idref="oc-6f3"/>
      </symbol>
      <symbol id="sm-e69">
         <name>_stack</name>
         <value>0x2b60</value>
         <object_component_ref idref="oc-69c"/>
      </symbol>
      <symbol id="sm-e6a">
         <name>_reset_vector</name>
         <value>0xfffe</value>
         <object_component_ref idref="oc-69f"/>
      </symbol>
      <symbol id="sm-e73">
         <name>__mpu_init</name>
         <value>0x131f6</value>
         <object_component_ref idref="oc-75a"/>
      </symbol>
      <symbol id="sm-e9a">
         <name>__TI_auto_init_nobinit_hold_wdt</name>
         <value>0x12afe</value>
         <object_component_ref idref="oc-848"/>
      </symbol>
      <symbol id="sm-ea3">
         <name>_system_post_cinit</name>
         <value>0x135de</value>
         <object_component_ref idref="oc-92f"/>
      </symbol>
      <symbol id="sm-eac">
         <name>_system_pre_init</name>
         <value>0x135da</value>
         <object_component_ref idref="oc-742"/>
      </symbol>
      <symbol id="sm-eb7">
         <name>C$$EXIT</name>
         <value>0x135c2</value>
         <object_component_ref idref="oc-81e"/>
      </symbol>
      <symbol id="sm-eb8">
         <name>abort</name>
         <value>0x135c2</value>
         <object_component_ref idref="oc-81e"/>
      </symbol>
      <symbol id="sm-ec8">
         <name>memcpy</name>
         <value>0x13538</value>
         <object_component_ref idref="oc-6ab"/>
      </symbol>
      <symbol id="sm-ed6">
         <name>memset</name>
         <value>0x134e0</value>
         <object_component_ref idref="oc-9cb"/>
      </symbol>
      <symbol id="sm-edb">
         <name>vPortSetupTimerInterrupt</name>
         <value>0x1331a</value>
      </symbol>
   </symbol_table>
   <title>Link successful</title>
</link_info>
